Archive member included to satisfy reference by file (symbol)

D:/file stm32/ide code/STM32CubeIDE_1.19.0/STM32CubeIDE/plugins/com.st.stm32cube.ide.mcu.externaltools.gnu-tools-for-stm32.13.3.rel1.win32_1.0.0.202411081344/tools/bin/../lib/gcc/arm-none-eabi/13.3.1/../../../../arm-none-eabi/lib/thumb/v7-m/nofp\libc_nano.a(libc_a-exit.o)
                              D:/file stm32/ide code/STM32CubeIDE_1.19.0/STM32CubeIDE/plugins/com.st.stm32cube.ide.mcu.externaltools.gnu-tools-for-stm32.13.3.rel1.win32_1.0.0.202411081344/tools/bin/../lib/gcc/arm-none-eabi/13.3.1/../../../../arm-none-eabi/lib/thumb/v7-m/nofp/crt0.o (exit)
D:/file stm32/ide code/STM32CubeIDE_1.19.0/STM32CubeIDE/plugins/com.st.stm32cube.ide.mcu.externaltools.gnu-tools-for-stm32.13.3.rel1.win32_1.0.0.202411081344/tools/bin/../lib/gcc/arm-none-eabi/13.3.1/../../../../arm-none-eabi/lib/thumb/v7-m/nofp\libc_nano.a(libc_a-findfp.o)
                              D:/file stm32/ide code/STM32CubeIDE_1.19.0/STM32CubeIDE/plugins/com.st.stm32cube.ide.mcu.externaltools.gnu-tools-for-stm32.13.3.rel1.win32_1.0.0.202411081344/tools/bin/../lib/gcc/arm-none-eabi/13.3.1/../../../../arm-none-eabi/lib/thumb/v7-m/nofp\libc_nano.a(libc_a-exit.o) (__stdio_exit_handler)
D:/file stm32/ide code/STM32CubeIDE_1.19.0/STM32CubeIDE/plugins/com.st.stm32cube.ide.mcu.externaltools.gnu-tools-for-stm32.13.3.rel1.win32_1.0.0.202411081344/tools/bin/../lib/gcc/arm-none-eabi/13.3.1/../../../../arm-none-eabi/lib/thumb/v7-m/nofp\libc_nano.a(libc_a-fwalk.o)
                              D:/file stm32/ide code/STM32CubeIDE_1.19.0/STM32CubeIDE/plugins/com.st.stm32cube.ide.mcu.externaltools.gnu-tools-for-stm32.13.3.rel1.win32_1.0.0.202411081344/tools/bin/../lib/gcc/arm-none-eabi/13.3.1/../../../../arm-none-eabi/lib/thumb/v7-m/nofp\libc_nano.a(libc_a-findfp.o) (_fwalk_sglue)
D:/file stm32/ide code/STM32CubeIDE_1.19.0/STM32CubeIDE/plugins/com.st.stm32cube.ide.mcu.externaltools.gnu-tools-for-stm32.13.3.rel1.win32_1.0.0.202411081344/tools/bin/../lib/gcc/arm-none-eabi/13.3.1/../../../../arm-none-eabi/lib/thumb/v7-m/nofp\libc_nano.a(libc_a-stdio.o)
                              D:/file stm32/ide code/STM32CubeIDE_1.19.0/STM32CubeIDE/plugins/com.st.stm32cube.ide.mcu.externaltools.gnu-tools-for-stm32.13.3.rel1.win32_1.0.0.202411081344/tools/bin/../lib/gcc/arm-none-eabi/13.3.1/../../../../arm-none-eabi/lib/thumb/v7-m/nofp\libc_nano.a(libc_a-findfp.o) (__sread)
D:/file stm32/ide code/STM32CubeIDE_1.19.0/STM32CubeIDE/plugins/com.st.stm32cube.ide.mcu.externaltools.gnu-tools-for-stm32.13.3.rel1.win32_1.0.0.202411081344/tools/bin/../lib/gcc/arm-none-eabi/13.3.1/../../../../arm-none-eabi/lib/thumb/v7-m/nofp\libc_nano.a(libc_a-memset.o)
                              D:/file stm32/ide code/STM32CubeIDE_1.19.0/STM32CubeIDE/plugins/com.st.stm32cube.ide.mcu.externaltools.gnu-tools-for-stm32.13.3.rel1.win32_1.0.0.202411081344/tools/bin/../lib/gcc/arm-none-eabi/13.3.1/../../../../arm-none-eabi/lib/thumb/v7-m/nofp/crt0.o (memset)
D:/file stm32/ide code/STM32CubeIDE_1.19.0/STM32CubeIDE/plugins/com.st.stm32cube.ide.mcu.externaltools.gnu-tools-for-stm32.13.3.rel1.win32_1.0.0.202411081344/tools/bin/../lib/gcc/arm-none-eabi/13.3.1/../../../../arm-none-eabi/lib/thumb/v7-m/nofp\libc_nano.a(libc_a-closer.o)
                              D:/file stm32/ide code/STM32CubeIDE_1.19.0/STM32CubeIDE/plugins/com.st.stm32cube.ide.mcu.externaltools.gnu-tools-for-stm32.13.3.rel1.win32_1.0.0.202411081344/tools/bin/../lib/gcc/arm-none-eabi/13.3.1/../../../../arm-none-eabi/lib/thumb/v7-m/nofp\libc_nano.a(libc_a-stdio.o) (_close_r)
D:/file stm32/ide code/STM32CubeIDE_1.19.0/STM32CubeIDE/plugins/com.st.stm32cube.ide.mcu.externaltools.gnu-tools-for-stm32.13.3.rel1.win32_1.0.0.202411081344/tools/bin/../lib/gcc/arm-none-eabi/13.3.1/../../../../arm-none-eabi/lib/thumb/v7-m/nofp\libc_nano.a(libc_a-reent.o)
                              D:/file stm32/ide code/STM32CubeIDE_1.19.0/STM32CubeIDE/plugins/com.st.stm32cube.ide.mcu.externaltools.gnu-tools-for-stm32.13.3.rel1.win32_1.0.0.202411081344/tools/bin/../lib/gcc/arm-none-eabi/13.3.1/../../../../arm-none-eabi/lib/thumb/v7-m/nofp\libc_nano.a(libc_a-closer.o) (errno)
D:/file stm32/ide code/STM32CubeIDE_1.19.0/STM32CubeIDE/plugins/com.st.stm32cube.ide.mcu.externaltools.gnu-tools-for-stm32.13.3.rel1.win32_1.0.0.202411081344/tools/bin/../lib/gcc/arm-none-eabi/13.3.1/../../../../arm-none-eabi/lib/thumb/v7-m/nofp\libc_nano.a(libc_a-impure.o)
                              D:/file stm32/ide code/STM32CubeIDE_1.19.0/STM32CubeIDE/plugins/com.st.stm32cube.ide.mcu.externaltools.gnu-tools-for-stm32.13.3.rel1.win32_1.0.0.202411081344/tools/bin/../lib/gcc/arm-none-eabi/13.3.1/../../../../arm-none-eabi/lib/thumb/v7-m/nofp\libc_nano.a(libc_a-reent.o) (_impure_ptr)
[...]
Memory Configuration

Name             Origin             Length             Attributes
RAM              0x20000000         0x00005000         xrw
FLASH            0x08000000         0x00010000         xr
*default*        0x00000000         0xffffffff

Linker script and memory map

LOAD D:/file stm32/ide code/STM32CubeIDE_1.19.0/STM32CubeIDE/plugins/com.st.stm32cube.ide.mcu.externaltools.gnu-tools-for-stm32.13.3.rel1.win32_1.0.0.202411081344/tools/bin/../lib/gcc/arm-none-eabi/13.3.1/thumb/v7-m/nofp/crti.o
LOAD D:/file stm32/ide code/STM32CubeIDE_1.19.0/STM32CubeIDE/plugins/com.st.stm32cube.ide.mcu.externaltools.gnu-tools-for-stm32.13.3.rel1.win32_1.0.0.202411081344/tools/bin/../lib/gcc/arm-none-eabi/13.3.1/thumb/v7-m/nofp/crtbegin.o
LOAD D:/file stm32/ide code/STM32CubeIDE_1.19.0/STM32CubeIDE/plugins/com.st.stm32cube.ide.mcu.externaltools.gnu-tools-for-stm32.13.3.rel1.win32_1.0.0.202411081344/tools/bin/../lib/gcc/arm-none-eabi/13.3.1/../../../../arm-none-eabi/lib/thumb/v7-m/nofp/crt0.o
LOAD ./Core/Src/lib/peripheral_Lib/Driver/dma/hal_dma.o
LOAD ./Core/Src/lib/peripheral_Lib/Driver/gpio/hal_gpio.o
LOAD ./Core/Src/lib/peripheral_Lib/Driver/rcc/hal_clock.o
LOAD ./Core/Src/lib/peripheral_Lib/Driver/spi/hal_spi.o
LOAD ./Core/Src/lib/peripheral_Lib/Driver/timer/hal_timer.o
LOAD ./Core/Src/lib/peripheral_Lib/Driver/uart/hal_uart.o
LOAD ./Core/Src/lib/personal_lib/private.o
LOAD ./Core/Src/main.o
LOAD ./Core/Src/stm32f1xx_hal_msp.o
LOAD ./Core/Src/stm32f1xx_it.o
LOAD ./Core/Src/syscalls.o
LOAD ./Core/Src/sysmem.o
LOAD ./Core/Src/system_stm32f1xx.o
LOAD ./Core/Startup/startup_stm32f103c8tx.o
LOAD ./Drivers/STM32F1xx_HAL_Driver/Src/stm32f1xx_hal.o
LOAD ./Drivers/STM32F1xx_HAL_Driver/Src/stm32f1xx_hal_cortex.o
LOAD ./Drivers/STM32F1xx_HAL_Driver/Src/stm32f1xx_hal_dma.o
LOAD ./Drivers/STM32F1xx_HAL_Driver/Src/stm32f1xx_hal_exti.o
LOAD ./Drivers/STM32F1xx_HAL_Driver/Src/stm32f1xx_hal_flash.o
LOAD ./Drivers/STM32F1xx_HAL_Driver/Src/stm32f1xx_hal_flash_ex.o
LOAD ./Drivers/STM32F1xx_HAL_Driver/Src/stm32f1xx_hal_gpio.o
LOAD ./Drivers/STM32F1xx_HAL_Driver/Src/stm32f1xx_hal_gpio_ex.o
LOAD ./Drivers/STM32F1xx_HAL_Driver/Src/stm32f1xx_hal_pwr.o
LOAD ./Drivers/STM32F1xx_HAL_Driver/Src/stm32f1xx_hal_rcc.o
LOAD ./Drivers/STM32F1xx_HAL_Driver/Src/stm32f1xx_hal_rcc_ex.o
START GROUP
LOAD D:/file stm32/ide code/STM32CubeIDE_1.19.0/STM32CubeIDE/plugins/com.st.stm32cube.ide.mcu.externaltools.gnu-tools-for-stm32.13.3.rel1.win32_1.0.0.202411081344/tools/bin/../lib/gcc/arm-none-eabi/13.3.1/../../../../arm-none-eabi/lib/thumb/v7-m/nofp\libc_nano.a
LOAD D:/file stm32/ide code/STM32CubeIDE_1.19.0/STM32CubeIDE/plugins/com.st.stm32cube.ide.mcu.externaltools.gnu-tools-for-stm32.13.3.rel1.win32_1.0.0.202411081344/tools/bin/../lib/gcc/arm-none-eabi/13.3.1/../../../../arm-none-eabi/lib/thumb/v7-m/nofp\libm.a
END GROUP
START GROUP
LOAD D:/file stm32/ide code/STM32CubeIDE_1.19.0/STM32CubeIDE/plugins/com.st.stm32cube.ide.mcu.externaltools.gnu-tools-for-stm32.13.3.rel1.win32_1.0.0.202411081344/tools/bin/../lib/gcc/arm-none-eabi/13.3.1/thumb/v7-m/nofp\libgcc.a
LOAD D:/file stm32/ide code/STM32CubeIDE_1.19.0/STM32CubeIDE/plugins/com.st.stm32cube.ide.mcu.externaltools.gnu-tools-for-stm32.13.3.rel1.win32_1.0.0.202411081344/tools/bin/../lib/gcc/arm-none-eabi/13.3.1/../../../../arm-none-eabi/lib/thumb/v7-m/nofp\libc_nano.a
END GROUP
START GROUP
LOAD D:/file stm32/ide code/STM32CubeIDE_1.19.0/STM32CubeIDE/plugins/com.st.stm32cube.ide.mcu.externaltools.gnu-tools-for-stm32.13.3.rel1.win32_1.0.0.202411081344/tools/bin/../lib/gcc/arm-none-eabi/13.3.1/thumb/v7-m/nofp\libgcc.a
LOAD D:/file stm32/ide code/STM32CubeIDE_1.19.0/STM32CubeIDE/plugins/com.st.stm32cube.ide.mcu.externaltools.gnu-tools-for-stm32.13.3.rel1.win32_1.0.0.202411081344/tools/bin/../lib/gcc/arm-none-eabi/13.3.1/../../../../arm-none-eabi/lib/thumb/v7-m/nofp\libc_nano.a
LOAD D:/file stm32/ide code/STM32CubeIDE_1.19.0/STM32CubeIDE/plugins/com.st.stm32cube.ide.mcu.externaltools.gnu-tools-for-stm32.13.3.rel1.win32_1.0.0.202411081344/tools/bin/../lib/gcc/arm-none-eabi/13.3.1/../../../../arm-none-eabi/lib/thumb/v7-m/nofp\libnosys.a
END GROUP
START GROUP
LOAD D:/file stm32/ide code/STM32CubeIDE_1.19.0/STM32CubeIDE/plugins/com.st.stm32cube.ide.mcu.externaltools.gnu-tools-for-stm32.13.3.rel1.win32_1.0.0.202411081344/tools/bin/../lib/gcc/arm-none-eabi/13.3.1/thumb/v7-m/nofp\libgcc.a
LOAD D:/file stm32/ide code/STM32CubeIDE_1.19.0/STM32CubeIDE/plugins/com.st.stm32cube.ide.mcu.externaltools.gnu-tools-for-stm32.13.3.rel1.win32_1.0.0.202411081344/tools/bin/../lib/gcc/arm-none-eabi/13.3.1/../../../../arm-none-eabi/lib/thumb/v7-m/nofp\libc_nano.a
LOAD D:/file stm32/ide code/STM32CubeIDE_1.19.0/STM32CubeIDE/plugins/com.st.stm32cube.ide.mcu.externaltools.gnu-tools-for-stm32.13.3.rel1.win32_1.0.0.202411081344/tools/bin/../lib/gcc/arm-none-eabi/13.3.1/../../../../arm-none-eabi/lib/thumb/v7-m/nofp\libnosys.a
END GROUP
LOAD D:/file stm32/ide code/STM32CubeIDE_1.19.0/STM32CubeIDE/plugins/com.st.stm32cube.ide.mcu.externaltools.gnu-tools-for-stm32.13.3.rel1.win32_1.0.0.202411081344/tools/bin/../lib/gcc/arm-none-eabi/13.3.1/thumb/v7-m/nofp/crtend.o
LOAD D:/file stm32/ide code/STM32CubeIDE_1.19.0/STM32CubeIDE/plugins/com.st.stm32cube.ide.mcu.externaltools.gnu-tools-for-stm32.13.3.rel1.win32_1.0.0.202411081344/tools/bin/../lib/gcc/arm-none-eabi/13.3.1/thumb/v7-m/nofp/crtn.o
                0x20005000                        _estack = (ORIGIN (RAM) + LENGTH (RAM))
                0x00000200                        _Min_Heap_Size = 0x200
                0x00000400                        _Min_Stack_Size = 0x400

.isr_vector     0x08000000      0x10c
                0x08000000                        . = ALIGN (0x4)
 *(.isr_vector)
 .isr_vector    0x08000000      0x10c ./Core/Startup/startup_stm32f103c8tx.o
                0x08000000                g_pfnVectors
                0x0800010c                        . = ALIGN (0x4)

.text           0x0800010c     0x1afc
                0x0800010c                        . = ALIGN (0x4)
 *(.text)
 .text          0x0800010c       0x40 D:/file stm32/ide code/STM32CubeIDE_1.19.0/STM32CubeIDE/plugins/com.st.stm32cube.ide.mcu.externaltools.gnu-tools-for-stm32.13.3.rel1.win32_1.0.0.202411081344/tools/bin/../lib/gcc/arm-none-eabi/13.3.1/thumb/v7-m/nofp/crtbegin.o
 *(.text*)
 .text.prv_DMA_GetChannelIndex
                0x0800014c       0x84 ./Core/Src/lib/peripheral_Lib/Driver/dma/hal_dma.o
 .text.DMAx_IRQHandler
                0x080001d0       0xe8 ./Core/Src/lib/peripheral_Lib/Driver/dma/hal_dma.o
                0x080001d0                DMAx_IRQHandler
 .text.DMA1_Channel1_IRQHandler
                0x080002b8       0x20 ./Core/Src/lib/peripheral_Lib/Driver/dma/hal_dma.o
                0x080002b8                DMA1_Channel1_IRQHandler
 .text.DMA1_Channel2_IRQHandler
                0x080002d8       0x20 ./Core/Src/lib/peripheral_Lib/Driver/dma/hal_dma.o
                0x080002d8                DMA1_Channel2_IRQHandler
 .text.DMA1_Channel3_IRQHandler
                0x080002f8       0x20 ./Core/Src/lib/peripheral_Lib/Driver/dma/hal_dma.o
                0x080002f8                DMA1_Channel3_IRQHandler
 .text.DMA1_Channel4_IRQHandler
                0x08000318       0x20 ./Core/Src/lib/peripheral_Lib/Driver/dma/hal_dma.o
                0x08000318                DMA1_Channel4_IRQHandler
 .text.DMA1_Channel5_IRQHandler
                0x08000338       0x20 ./Core/Src/lib/peripheral_Lib/Driver/dma/hal_dma.o
                0x08000338                DMA1_Channel5_IRQHandler
 .text.DMA1_Channel6_IRQHandler
                0x08000358       0x20 ./Core/Src/lib/peripheral_Lib/Driver/dma/hal_dma.o
                0x08000358                DMA1_Channel6_IRQHandler
 .text.DMA1_Channel7_IRQHandler
                0x08000378       0x20 ./Core/Src/lib/peripheral_Lib/Driver/dma/hal_dma.o
                0x08000378                DMA1_Channel7_IRQHandler
 .text.GPIO_Init_t
                0x08000398      0x314 ./Core/Src/lib/peripheral_Lib/Driver/gpio/hal_gpio.o
                0x08000398                GPIO_Init_t
 .text.HAL_CLOCK_APB2_Peripheral_Enable
                0x080006ac       0x2c ./Core/Src/lib/peripheral_Lib/Driver/rcc/hal_clock.o
                0x080006ac                HAL_CLOCK_APB2_Peripheral_Enable
 .text.HAL_CLOCK_APB1_Peripheral_Enable
                0x080006d8       0x2c ./Core/Src/lib/peripheral_Lib/Driver/rcc/hal_clock.o
                0x080006d8                HAL_CLOCK_APB1_Peripheral_Enable
 .text.prv_TIM_EnableClock
                0x08000704       0x5c ./Core/Src/lib/peripheral_Lib/Driver/timer/hal_timer.o
 .text.prv_TIM_GetIndex
                0x08000760       0x5c ./Core/Src/lib/peripheral_Lib/Driver/timer/hal_timer.o
 .text.prv_NVIC_EnableIRQ
                0x080007bc       0x4c ./Core/Src/lib/peripheral_Lib/Driver/timer/hal_timer.o
 .text.HAL_TIM_Base_Init
                0x08000808       0xcc ./Core/Src/lib/peripheral_Lib/Driver/timer/hal_timer.o
                0x08000808                HAL_TIM_Base_Init
 .text.HAL_TIM_PWM_Init
                0x080008d4       0x18 ./Core/Src/lib/peripheral_Lib/Driver/timer/hal_timer.o
                0x080008d4                HAL_TIM_PWM_Init
 .text.HAL_TIM_PWM_ConfigChannel
                0x080008ec       0xe4 ./Core/Src/lib/peripheral_Lib/Driver/timer/hal_timer.o
                0x080008ec                HAL_TIM_PWM_ConfigChannel
 .text.HAL_TIM_PWM_Start
                0x080009d0       0x3a ./Core/Src/lib/peripheral_Lib/Driver/timer/hal_timer.o
                0x080009d0                HAL_TIM_PWM_Start
 .text.HAL_TIM_IC_Init
                0x08000a0a       0x18 ./Core/Src/lib/peripheral_Lib/Driver/timer/hal_timer.o
                0x08000a0a                HAL_TIM_IC_Init
 .text.HAL_TIM_IC_ConfigChannel
                0x08000a22       0xb0 ./Core/Src/lib/peripheral_Lib/Driver/timer/hal_timer.o
                0x08000a22                HAL_TIM_IC_ConfigChannel
 .text.HAL_TIM_IC_Start
                0x08000ad2       0x3a ./Core/Src/lib/peripheral_Lib/Driver/timer/hal_timer.o
                0x08000ad2                HAL_TIM_IC_Start
 .text.HAL_TIM_IC_Start_IT
                0x08000b0c       0x74 ./Core/Src/lib/peripheral_Lib/Driver/timer/hal_timer.o
                0x08000b0c                HAL_TIM_IC_Start_IT
 .text.HAL_TIM_ReadCapturedValue
                0x08000b80       0x26 ./Core/Src/lib/peripheral_Lib/Driver/timer/hal_timer.o
                0x08000b80                HAL_TIM_ReadCapturedValue
 .text.HAL_TIM_IRQHandler
                0x08000ba6       0xa0 ./Core/Src/lib/peripheral_Lib/Driver/timer/hal_timer.o
                0x08000ba6                HAL_TIM_IRQHandler
 .text.HALx_TIM_PeriodElapsedCallback
                0x08000c46       0x12 ./Core/Src/lib/peripheral_Lib/Driver/timer/hal_timer.o
                0x08000c46                HALx_TIM_PeriodElapsedCallback
 .text.TIM1_UP_IRQHandler
                0x08000c58       0x20 ./Core/Src/lib/peripheral_Lib/Driver/timer/hal_timer.o
                0x08000c58                TIM1_UP_IRQHandler
 .text.TIM1_CC_IRQHandler
                0x08000c78       0x20 ./Core/Src/lib/peripheral_Lib/Driver/timer/hal_timer.o
                0x08000c78                TIM1_CC_IRQHandler
 .text.TIM2_IRQHandler
                0x08000c98       0x20 ./Core/Src/lib/peripheral_Lib/Driver/timer/hal_timer.o
                0x08000c98                TIM2_IRQHandler
 .text.TIM3_IRQHandler
                0x08000cb8       0x20 ./Core/Src/lib/peripheral_Lib/Driver/timer/hal_timer.o
                0x08000cb8                TIM3_IRQHandler
 .text.TIM4_IRQHandler
                0x08000cd8       0x20 ./Core/Src/lib/peripheral_Lib/Driver/timer/hal_timer.o
                0x08000cd8                TIM4_IRQHandler
 .text.init_pwm_timer
                0x08000cf8       0x66 ./Core/Src/lib/personal_lib/private.o
                0x08000cf8                init_pwm_timer
 *fill*         0x08000d5e        0x2 
 .text.init_IC_timer
                0x08000d60       0x6c ./Core/Src/lib/personal_lib/private.o
                0x08000d60                init_IC_timer
 .text.init_gpio
                0x08000dcc       0x64 ./Core/Src/lib/personal_lib/private.o
                0x08000dcc                init_gpio
 .text.init_clock
                0x08000e30       0x1a ./Core/Src/lib/personal_lib/private.o
                0x08000e30                init_clock
 *fill*         0x08000e4a        0x2 
 .text.main     0x08000e4c       0x7c ./Core/Src/main.o
                0x08000e4c                main
 .text.SystemClock_Config
                0x08000ec8       0x8a ./Core/Src/main.o
                0x08000ec8                SystemClock_Config
 *fill*         0x08000f52        0x2 
 .text.MX_GPIO_Init
                0x08000f54       0x44 ./Core/Src/main.o
 .text.HALx_TIM_IC_CaptureCallback
                0x08000f98       0x98 ./Core/Src/main.o
                0x08000f98                HALx_TIM_IC_CaptureCallback
 .text.Error_Handler
                0x08001030        0xc ./Core/Src/main.o
                0x08001030                Error_Handler
 .text.HAL_MspInit
                0x0800103c       0x64 ./Core/Src/stm32f1xx_hal_msp.o
                0x0800103c                HAL_MspInit
 .text.NMI_Handler
                0x080010a0        0x8 ./Core/Src/stm32f1xx_it.o
                0x080010a0                NMI_Handler
 .text.HardFault_Handler
                0x080010a8        0x8 ./Core/Src/stm32f1xx_it.o
                0x080010a8                HardFault_Handler
 .text.MemManage_Handler
                0x080010b0        0x8 ./Core/Src/stm32f1xx_it.o
                0x080010b0                MemManage_Handler
 .text.BusFault_Handler
                0x080010b8        0x8 ./Core/Src/stm32f1xx_it.o
                0x080010b8                BusFault_Handler
 .text.UsageFault_Handler
                0x080010c0        0x8 ./Core/Src/stm32f1xx_it.o
                0x080010c0                UsageFault_Handler
 .text.SVC_Handler
                0x080010c8        0xc ./Core/Src/stm32f1xx_it.o
                0x080010c8                SVC_Handler
 .text.DebugMon_Handler
                0x080010d4        0xc ./Core/Src/stm32f1xx_it.o
                0x080010d4                DebugMon_Handler
 .text.PendSV_Handler
                0x080010e0        0xc ./Core/Src/stm32f1xx_it.o
                0x080010e0                PendSV_Handler
 .text.SysTick_Handler
                0x080010ec        0xc ./Core/Src/stm32f1xx_it.o
                0x080010ec                SysTick_Handler
 .text.SystemInit
                0x080010f8        0xc ./Core/Src/system_stm32f1xx.o
                0x080010f8                SystemInit
 .text.Reset_Handler
                0x08001104       0x48 ./Core/Startup/startup_stm32f103c8tx.o
                0x08001104                Reset_Handler
 .text.Default_Handler
                0x0800114c        0x2 ./Core/Startup/startup_stm32f103c8tx.o
                0x0800114c                RTC_Alarm_IRQHandler
                0x0800114c                EXTI2_IRQHandler
                0x0800114c                PVD_IRQHandler
                0x0800114c                EXTI3_IRQHandler
                0x0800114c                EXTI0_IRQHandler
                0x0800114c                I2C2_EV_IRQHandler
                0x0800114c                ADC1_2_IRQHandler
                0x0800114c                SPI1_IRQHandler
                0x0800114c                TAMPER_IRQHandler
                0x0800114c                USART3_IRQHandler
                0x0800114c                RTC_IRQHandler
                0x0800114c                CAN1_RX1_IRQHandler
                0x0800114c                I2C1_EV_IRQHandler
                0x0800114c                RCC_IRQHandler
                0x0800114c                TIM1_TRG_COM_IRQHandler
                0x0800114c                Default_Handler
                0x0800114c                EXTI15_10_IRQHandler
                0x0800114c                EXTI9_5_IRQHandler
                0x0800114c                SPI2_IRQHandler
                0x0800114c                EXTI4_IRQHandler
                0x0800114c                USB_LP_CAN1_RX0_IRQHandler
                0x0800114c                USB_HP_CAN1_TX_IRQHandler
                0x0800114c                WWDG_IRQHandler
                0x0800114c                TIM1_BRK_IRQHandler
                0x0800114c                EXTI1_IRQHandler
                0x0800114c                USART2_IRQHandler
                0x0800114c                I2C2_ER_IRQHandler
                0x0800114c                CAN1_SCE_IRQHandler
                0x0800114c                FLASH_IRQHandler
                0x0800114c                USART1_IRQHandler
                0x0800114c                I2C1_ER_IRQHandler
                0x0800114c                USBWakeUp_IRQHandler
 *fill*         0x0800114e        0x2 
 .text.HAL_Init
                0x08001150       0x2c ./Drivers/STM32F1xx_HAL_Driver/Src/stm32f1xx_hal.o
                0x08001150                HAL_Init
 .text.HAL_InitTick
                0x0800117c       0x60 ./Drivers/STM32F1xx_HAL_Driver/Src/stm32f1xx_hal.o
                0x0800117c                HAL_InitTick
 .text.HAL_IncTick
                0x080011dc       0x24 ./Drivers/STM32F1xx_HAL_Driver/Src/stm32f1xx_hal.o
                0x080011dc                HAL_IncTick
 .text.HAL_GetTick
                0x08001200       0x14 ./Drivers/STM32F1xx_HAL_Driver/Src/stm32f1xx_hal.o
                0x08001200                HAL_GetTick
 .text.__NVIC_SetPriorityGrouping
                0x08001214       0x48 ./Drivers/STM32F1xx_HAL_Driver/Src/stm32f1xx_hal_cortex.o
 .text.__NVIC_GetPriorityGrouping
                0x0800125c       0x1c ./Drivers/STM32F1xx_HAL_Driver/Src/stm32f1xx_hal_cortex.o
 .text.__NVIC_SetPriority
                0x08001278       0x54 ./Drivers/STM32F1xx_HAL_Driver/Src/stm32f1xx_hal_cortex.o
 .text.NVIC_EncodePriority
                0x080012cc       0x64 ./Drivers/STM32F1xx_HAL_Driver/Src/stm32f1xx_hal_cortex.o
 .text.SysTick_Config
                0x08001330       0x44 ./Drivers/STM32F1xx_HAL_Driver/Src/stm32f1xx_hal_cortex.o
 .text.HAL_NVIC_SetPriorityGrouping
                0x08001374       0x16 ./Drivers/STM32F1xx_HAL_Driver/Src/stm32f1xx_hal_cortex.o
                0x08001374                HAL_NVIC_SetPriorityGrouping
 .text.HAL_NVIC_SetPriority
                0x0800138a       0x38 ./Drivers/STM32F1xx_HAL_Driver/Src/stm32f1xx_hal_cortex.o
                0x0800138a                HAL_NVIC_SetPriority
 .text.HAL_SYSTICK_Config
                0x080013c2       0x18 ./Drivers/STM32F1xx_HAL_Driver/Src/stm32f1xx_hal_cortex.o
                0x080013c2                HAL_SYSTICK_Config
 *fill*         0x080013da        0x2 
 .text.HAL_RCC_OscConfig
                0x080013dc      0x504 ./Drivers/STM32F1xx_HAL_Driver/Src/stm32f1xx_hal_rcc.o
                0x080013dc                HAL_RCC_OscConfig
 .text.HAL_RCC_ClockConfig
                0x080018e0      0x1d4 ./Drivers/STM32F1xx_HAL_Driver/Src/stm32f1xx_hal_rcc.o
                0x080018e0                HAL_RCC_ClockConfig
 .text.HAL_RCC_GetSysClockFreq
                0x08001ab4       0xa8 ./Drivers/STM32F1xx_HAL_Driver/Src/stm32f1xx_hal_rcc.o
                0x08001ab4                HAL_RCC_GetSysClockFreq
 .text.RCC_Delay
                0x08001b5c       0x3c ./Drivers/STM32F1xx_HAL_Driver/Src/stm32f1xx_hal_rcc.o
 .text.memset   0x08001b98       0x10 D:/file stm32/ide code/STM32CubeIDE_1.19.0/STM32CubeIDE/plugins/com.st.stm32cube.ide.mcu.externaltools.gnu-tools-for-stm32.13.3.rel1.win32_1.0.0.202411081344/tools/bin/../lib/gcc/arm-none-eabi/13.3.1/../../../../arm-none-eabi/lib/thumb/v7-m/nofp\libc_nano.a(libc_a-memset.o)
                0x08001b98                memset
 .text.__libc_init_array
                0x08001ba8       0x48 D:/file stm32/ide code/STM32CubeIDE_1.19.0/STM32CubeIDE/plugins/com.st.stm32cube.ide.mcu.externaltools.gnu-tools-for-stm32.13.3.rel1.win32_1.0.0.202411081344/tools/bin/../lib/gcc/arm-none-eabi/13.3.1/../../../../arm-none-eabi/lib/thumb/v7-m/nofp\libc_nano.a(libc_a-init.o)
                0x08001ba8                __libc_init_array
 *(.glue_7)
 .glue_7        0x08001bf0        0x0 linker stubs
 *(.glue_7t)
 .glue_7t       0x08001bf0        0x0 linker stubs
 *(.eh_frame)
 .eh_frame      0x08001bf0        0x0 D:/file stm32/ide code/STM32CubeIDE_1.19.0/STM32CubeIDE/plugins/com.st.stm32cube.ide.mcu.externaltools.gnu-tools-for-stm32.13.3.rel1.win32_1.0.0.202411081344/tools/bin/../lib/gcc/arm-none-eabi/13.3.1/thumb/v7-m/nofp/crtbegin.o
 *(.init)
 .init          0x08001bf0        0x4 D:/file stm32/ide code/STM32CubeIDE_1.19.0/STM32CubeIDE/plugins/com.st.stm32cube.ide.mcu.externaltools.gnu-tools-for-stm32.13.3.rel1.win32_1.0.0.202411081344/tools/bin/../lib/gcc/arm-none-eabi/13.3.1/thumb/v7-m/nofp/crti.o
                0x08001bf0                _init
 .init          0x08001bf4        0x8 D:/file stm32/ide code/STM32CubeIDE_1.19.0/STM32CubeIDE/plugins/com.st.stm32cube.ide.mcu.externaltools.gnu-tools-for-stm32.13.3.rel1.win32_1.0.0.202411081344/tools/bin/../lib/gcc/arm-none-eabi/13.3.1/thumb/v7-m/nofp/crtn.o
 *(.fini)
 .fini          0x08001bfc        0x4 D:/file stm32/ide code/STM32CubeIDE_1.19.0/STM32CubeIDE/plugins/com.st.stm32cube.ide.mcu.externaltools.gnu-tools-for-stm32.13.3.rel1.win32_1.0.0.202411081344/tools/bin/../lib/gcc/arm-none-eabi/13.3.1/thumb/v7-m/nofp/crti.o
                0x08001bfc                _fini
 .fini          0x08001c00        0x8 D:/file stm32/ide code/STM32CubeIDE_1.19.0/STM32CubeIDE/plugins/com.st.stm32cube.ide.mcu.externaltools.gnu-tools-for-stm32.13.3.rel1.win32_1.0.0.202411081344/tools/bin/../lib/gcc/arm-none-eabi/13.3.1/thumb/v7-m/nofp/crtn.o
                0x08001c08                        . = ALIGN (0x4)
                0x08001c08                        _etext = .

.vfp11_veneer   0x08001c08        0x0
 .vfp11_veneer  0x08001c08        0x0 linker stubs

.v4_bx          0x08001c08        0x0
 .v4_bx         0x08001c08        0x0 linker stubs

.iplt           0x08001c08        0x0
 .iplt          0x08001c08        0x0 D:/file stm32/ide code/STM32CubeIDE_1.19.0/STM32CubeIDE/plugins/com.st.stm32cube.ide.mcu.externaltools.gnu-tools-for-stm32.13.3.rel1.win32_1.0.0.202411081344/tools/bin/../lib/gcc/arm-none-eabi/13.3.1/thumb/v7-m/nofp/crtbegin.o

.rodata         0x08001c08       0x24
                0x08001c08                        . = ALIGN (0x4)
 *(.rodata)
 *(.rodata*)
 .rodata.AHBPrescTable
                0x08001c08       0x10 ./Core/Src/system_stm32f1xx.o
                0x08001c08                AHBPrescTable
 .rodata.aPLLMULFactorTable.1
                0x08001c18       0x10 ./Drivers/STM32F1xx_HAL_Driver/Src/stm32f1xx_hal_rcc.o
 .rodata.aPredivFactorTable.0
                0x08001c28        0x2 ./Drivers/STM32F1xx_HAL_Driver/Src/stm32f1xx_hal_rcc.o
                0x08001c2c                        . = ALIGN (0x4)
 *fill*         0x08001c2a        0x2 

.ARM.extab      0x08001c2c        0x0
                0x08001c2c                        . = ALIGN (0x4)
 *(.ARM.extab* .gnu.linkonce.armextab.*)
                0x08001c2c                        . = ALIGN (0x4)

.ARM            0x08001c2c        0x0
                0x08001c2c                        . = ALIGN (0x4)
                0x08001c2c                        __exidx_start = .
 *(.ARM.exidx*)
                0x08001c2c                        __exidx_end = .
                0x08001c2c                        . = ALIGN (0x4)

.preinit_array  0x08001c2c        0x0
                0x08001c2c                        . = ALIGN (0x4)
                0x08001c2c                        PROVIDE (__preinit_array_start = .)
 *(.preinit_array*)
                0x08001c2c                        PROVIDE (__preinit_array_end = .)
                0x08001c2c                        . = ALIGN (0x4)

.init_array     0x08001c2c        0x4
                0x08001c2c                        . = ALIGN (0x4)
                0x08001c2c                        PROVIDE (__init_array_start = .)
 *(SORT_BY_NAME(.init_array.*))
 *(.init_array*)
 .init_array    0x08001c2c        0x4 D:/file stm32/ide code/STM32CubeIDE_1.19.0/STM32CubeIDE/plugins/com.st.stm32cube.ide.mcu.externaltools.gnu-tools-for-stm32.13.3.rel1.win32_1.0.0.202411081344/tools/bin/../lib/gcc/arm-none-eabi/13.3.1/thumb/v7-m/nofp/crtbegin.o
                0x08001c30                        PROVIDE (__init_array_end = .)
                0x08001c30                        . = ALIGN (0x4)

.fini_array     0x08001c30        0x4
                0x08001c30                        . = ALIGN (0x4)
                [!provide]                        PROVIDE (__fini_array_start = .)
 *(SORT_BY_NAME(.fini_array.*))
 *(.fini_array*)
 .fini_array    0x08001c30        0x4 D:/file stm32/ide code/STM32CubeIDE_1.19.0/STM32CubeIDE/plugins/com.st.stm32cube.ide.mcu.externaltools.gnu-tools-for-stm32.13.3.rel1.win32_1.0.0.202411081344/tools/bin/../lib/gcc/arm-none-eabi/13.3.1/thumb/v7-m/nofp/crtbegin.o
                [!provide]                        PROVIDE (__fini_array_end = .)
                0x08001c34                        . = ALIGN (0x4)
                0x08001c34                        _sidata = LOADADDR (.data)

.rel.dyn        0x08001c34        0x0
 .rel.iplt      0x08001c34        0x0 D:/file stm32/ide code/STM32CubeIDE_1.19.0/STM32CubeIDE/plugins/com.st.stm32cube.ide.mcu.externaltools.gnu-tools-for-stm32.13.3.rel1.win32_1.0.0.202411081344/tools/bin/../lib/gcc/arm-none-eabi/13.3.1/thumb/v7-m/nofp/crtbegin.o

.data           0x20000000        0xc load address 0x08001c34
                0x20000000                        . = ALIGN (0x4)
                0x20000000                        _sdata = .
 *(.data)
 *(.data*)
 .data.SystemCoreClock
                0x20000000        0x4 ./Core/Src/system_stm32f1xx.o
                0x20000000                SystemCoreClock
 .data.uwTickPrio
                0x20000004        0x4 ./Drivers/STM32F1xx_HAL_Driver/Src/stm32f1xx_hal.o
                0x20000004                uwTickPrio
 .data.uwTickFreq
                0x20000008        0x1 ./Drivers/STM32F1xx_HAL_Driver/Src/stm32f1xx_hal.o
                0x20000008                uwTickFreq
 *(.RamFunc)
 *(.RamFunc*)
                0x2000000c                        . = ALIGN (0x4)
 *fill*         0x20000009        0x3 
                0x2000000c                        _edata = .

.igot.plt       0x2000000c        0x0 load address 0x08001c40
 .igot.plt      0x2000000c        0x0 D:/file stm32/ide code/STM32CubeIDE_1.19.0/STM32CubeIDE/plugins/com.st.stm32cube.ide.mcu.externaltools.gnu-tools-for-stm32.13.3.rel1.win32_1.0.0.202411081344/tools/bin/../lib/gcc/arm-none-eabi/13.3.1/thumb/v7-m/nofp/crtbegin.o
                0x2000000c                        . = ALIGN (0x4)

.bss            0x2000000c       0xb4 load address 0x08001c40
                0x2000000c                        _sbss = .
                0x2000000c                        __bss_start__ = _sbss
 *(.bss)
 .bss           0x2000000c       0x1c D:/file stm32/ide code/STM32CubeIDE_1.19.0/STM32CubeIDE/plugins/com.st.stm32cube.ide.mcu.externaltools.gnu-tools-for-stm32.13.3.rel1.win32_1.0.0.202411081344/tools/bin/../lib/gcc/arm-none-eabi/13.3.1/thumb/v7-m/nofp/crtbegin.o
 *(.bss*)
 .bss.gp_dma_handles
                0x20000028       0x1c ./Core/Src/lib/peripheral_Lib/Driver/dma/hal_dma.o
 .bss.gp_tim_handles
                0x20000044       0x14 ./Core/Src/lib/peripheral_Lib/Driver/timer/hal_timer.o
 .bss.htim2     0x20000058       0x18 ./Core/Src/main.o
                0x20000058                htim2
 .bss.htim3     0x20000070       0x18 ./Core/Src/main.o
                0x20000070                htim3
 .bss.sconfig_htim2
                0x20000088       0x10 ./Core/Src/main.o
                0x20000088                sconfig_htim2
 .bss.sconfig_htim3
                0x20000098       0x10 ./Core/Src/main.o
                0x20000098                sconfig_htim3
 .bss.state     0x200000a8        0x1 ./Core/Src/main.o
                0x200000a8                state
 *fill*         0x200000a9        0x3 
 .bss.last_capture
                0x200000ac        0x4 ./Core/Src/main.o
                0x200000ac                last_capture
 .bss.period    0x200000b0        0x4 ./Core/Src/main.o
                0x200000b0                period
 .bss.frequency
                0x200000b4        0x2 ./Core/Src/main.o
                0x200000b4                frequency
 *fill*         0x200000b6        0x2 
 .bss.first_capture
                0x200000b8        0x4 ./Core/Src/main.o
                0x200000b8                first_capture
 .bss.uwTick    0x200000bc        0x4 ./Drivers/STM32F1xx_HAL_Driver/Src/stm32f1xx_hal.o
                0x200000bc                uwTick
 *(COMMON)
                0x200000c0                        . = ALIGN (0x4)
                0x200000c0                        _ebss = .
                0x200000c0                        __bss_end__ = _ebss

._user_heap_stack
                0x200000c0      0x600 load address 0x08001c40
                0x200000c0                        . = ALIGN (0x8)
                [!provide]                        PROVIDE (end = .)
                0x200000c0                        PROVIDE (_end = .)
                0x200002c0                        . = (. + _Min_Heap_Size)
 *fill*         0x200000c0      0x200 
                0x200006c0                        . = (. + _Min_Stack_Size)
 *fill*         0x200002c0      0x400 
                0x200006c0                        . = ALIGN (0x8)

/DISCARD/
 libc.a(*)
 libm.a(*)
 libgcc.a(*)

.ARM.attributes
                0x00000000       0x29
 *(.ARM.attributes)
 .ARM.attributes
                0x00000000       0x1d D:/file stm32/ide code/STM32CubeIDE_1.19.0/STM32CubeIDE/plugins/com.st.stm32cube.ide.mcu.externaltools.gnu-tools-for-stm32.13.3.rel1.win32_1.0.0.202411081344/tools/bin/../lib/gcc/arm-none-eabi/13.3.1/thumb/v7-m/nofp/crti.o
 .ARM.attributes
                0x0000001d       0x2d D:/file stm32/ide code/STM32CubeIDE_1.19.0/STM32CubeIDE/plugins/com.st.stm32cube.ide.mcu.externaltools.gnu-tools-for-stm32.13.3.rel1.win32_1.0.0.202411081344/tools/bin/../lib/gcc/arm-none-eabi/13.3.1/thumb/v7-m/nofp/crtbegin.o
 .ARM.attributes
                0x0000004a       0x2d ./Core/Src/lib/peripheral_Lib/Driver/dma/hal_dma.o
 .ARM.attributes
                0x00000077       0x2d ./Core/Src/lib/peripheral_Lib/Driver/gpio/hal_gpio.o
 .ARM.attributes
                0x000000a4       0x2d ./Core/Src/lib/peripheral_Lib/Driver/rcc/hal_clock.o
 .ARM.attributes
                0x000000d1       0x2d ./Core/Src/lib/peripheral_Lib/Driver/timer/hal_timer.o
 .ARM.attributes
                0x000000fe       0x2d ./Core/Src/lib/personal_lib/private.o
 .ARM.attributes
                0x0000012b       0x2d ./Core/Src/main.o
 .ARM.attributes
                0x00000158       0x2d ./Core/Src/stm32f1xx_hal_msp.o
 .ARM.attributes
                0x00000185       0x2d ./Core/Src/stm32f1xx_it.o
 .ARM.attributes
                0x000001b2       0x2d ./Core/Src/system_stm32f1xx.o
 .ARM.attributes
                0x000001df       0x21 ./Core/Startup/startup_stm32f103c8tx.o
 .ARM.attributes
                0x00000200       0x2d ./Drivers/STM32F1xx_HAL_Driver/Src/stm32f1xx_hal.o
 .ARM.attributes
                0x0000022d       0x2d ./Drivers/STM32F1xx_HAL_Driver/Src/stm32f1xx_hal_cortex.o
 .ARM.attributes
                0x0000025a       0x2d ./Drivers/STM32F1xx_HAL_Driver/Src/stm32f1xx_hal_rcc.o
 .ARM.attributes
                0x00000287       0x2d D:/file stm32/ide code/STM32CubeIDE_1.19.0/STM32CubeIDE/plugins/com.st.stm32cube.ide.mcu.externaltools.gnu-tools-for-stm32.13.3.rel1.win32_1.0.0.202411081344/tools/bin/../lib/gcc/arm-none-eabi/13.3.1/../../../../arm-none-eabi/lib/thumb/v7-m/nofp\libc_nano.a(libc_a-memset.o)
 .ARM.attributes
                0x000002b4       0x2d D:/file stm32/ide code/STM32CubeIDE_1.19.0/STM32CubeIDE/plugins/com.st.stm32cube.ide.mcu.externaltools.gnu-tools-for-stm32.13.3.rel1.win32_1.0.0.202411081344/tools/bin/../lib/gcc/arm-none-eabi/13.3.1/../../../../arm-none-eabi/lib/thumb/v7-m/nofp\libc_nano.a(libc_a-init.o)
 .ARM.attributes
                0x000002e1       0x1d D:/file stm32/ide code/STM32CubeIDE_1.19.0/STM32CubeIDE/plugins/com.st.stm32cube.ide.mcu.externaltools.gnu-tools-for-stm32.13.3.rel1.win32_1.0.0.202411081344/tools/bin/../lib/gcc/arm-none-eabi/13.3.1/thumb/v7-m/nofp/crtn.o
OUTPUT(test_IC.elf elf32-littlearm)
LOAD linker stubs
LOAD D:/file stm32/ide code/STM32CubeIDE_1.19.0/STM32CubeIDE/plugins/com.st.stm32cube.ide.mcu.externaltools.gnu-tools-for-stm32.13.3.rel1.win32_1.0.0.202411081344/tools/bin/../lib/gcc/arm-none-eabi/13.3.1/../../../../arm-none-eabi/lib/thumb/v7-m/nofp\libc.a
LOAD D:/file stm32/ide code/STM32CubeIDE_1.19.0/STM32CubeIDE/plugins/com.st.stm32cube.ide.mcu.externaltools.gnu-tools-for-stm32.13.3.rel1.win32_1.0.0.202411081344/tools/bin/../lib/gcc/arm-none-eabi/13.3.1/../../../../arm-none-eabi/lib/thumb/v7-m/nofp\libm.a
LOAD D:/file stm32/ide code/STM32CubeIDE_1.19.0/STM32CubeIDE/plugins/com.st.stm32cube.ide.mcu.externaltools.gnu-tools-for-stm32.13.3.rel1.win32_1.0.0.202411081344/tools/bin/../lib/gcc/arm-none-eabi/13.3.1/thumb/v7-m/nofp\libgcc.a

.debug_info     0x00000000     0x4b8c
 .debug_info    0x00000000      0x716 ./Core/Src/lib/peripheral_Lib/Driver/dma/hal_dma.o
 .debug_info    0x00000716      0x65d ./Core/Src/lib/peripheral_Lib/Driver/gpio/hal_gpio.o
 .debug_info    0x00000d73      0x775 ./Core/Src/lib/peripheral_Lib/Driver/rcc/hal_clock.o
 .debug_info    0x000014e8      0xa7e ./Core/Src/lib/peripheral_Lib/Driver/timer/hal_timer.o
 .debug_info    0x00001f66      0x600 ./Core/Src/lib/personal_lib/private.o
 .debug_info    0x00002566      0x770 ./Core/Src/main.o
 .debug_info    0x00002cd6      0x1f1 ./Core/Src/stm32f1xx_hal_msp.o
 .debug_info    0x00002ec7      0x113 ./Core/Src/stm32f1xx_it.o
 .debug_info    0x00002fda      0x222 ./Core/Src/system_stm32f1xx.o
 .debug_info    0x000031fc       0x30 ./Core/Startup/startup_stm32f103c8tx.o
 .debug_info    0x0000322c      0x704 ./Drivers/STM32F1xx_HAL_Driver/Src/stm32f1xx_hal.o
 .debug_info    0x00003930      0xa87 ./Drivers/STM32F1xx_HAL_Driver/Src/stm32f1xx_hal_cortex.o
 .debug_info    0x000043b7      0x7d5 ./Drivers/STM32F1xx_HAL_Driver/Src/stm32f1xx_hal_rcc.o

.debug_abbrev   0x00000000     0x16ce
 .debug_abbrev  0x00000000      0x273 ./Core/Src/lib/peripheral_Lib/Driver/dma/hal_dma.o
 .debug_abbrev  0x00000273      0x1d9 ./Core/Src/lib/peripheral_Lib/Driver/gpio/hal_gpio.o
 .debug_abbrev  0x0000044c      0x19c ./Core/Src/lib/peripheral_Lib/Driver/rcc/hal_clock.o
 .debug_abbrev  0x000005e8      0x27a ./Core/Src/lib/peripheral_Lib/Driver/timer/hal_timer.o
 .debug_abbrev  0x00000862      0x1b2 ./Core/Src/lib/personal_lib/private.o
 .debug_abbrev  0x00000a14      0x25d ./Core/Src/main.o
 .debug_abbrev  0x00000c71       0xdb ./Core/Src/stm32f1xx_hal_msp.o
 .debug_abbrev  0x00000d4c       0x73 ./Core/Src/stm32f1xx_it.o
 .debug_abbrev  0x00000dbf      0x13f ./Core/Src/system_stm32f1xx.o
 .debug_abbrev  0x00000efe       0x24 ./Core/Startup/startup_stm32f103c8tx.o
 .debug_abbrev  0x00000f22      0x201 ./Drivers/STM32F1xx_HAL_Driver/Src/stm32f1xx_hal.o
 .debug_abbrev  0x00001123      0x2f8 ./Drivers/STM32F1xx_HAL_Driver/Src/stm32f1xx_hal_cortex.o
 .debug_abbrev  0x0000141b      0x2b3 ./Drivers/STM32F1xx_HAL_Driver/Src/stm32f1xx_hal_rcc.o

.debug_aranges  0x00000000      0x630
 .debug_aranges
                0x00000000       0xa0 ./Core/Src/lib/peripheral_Lib/Driver/dma/hal_dma.o
 .debug_aranges
                0x000000a0       0x60 ./Core/Src/lib/peripheral_Lib/Driver/gpio/hal_gpio.o
 .debug_aranges
                0x00000100       0x68 ./Core/Src/lib/peripheral_Lib/Driver/rcc/hal_clock.o
 .debug_aranges
                0x00000168      0x110 ./Core/Src/lib/peripheral_Lib/Driver/timer/hal_timer.o
 .debug_aranges
                0x00000278       0x38 ./Core/Src/lib/personal_lib/private.o
 .debug_aranges
                0x000002b0       0x40 ./Core/Src/main.o
 .debug_aranges
                0x000002f0       0x20 ./Core/Src/stm32f1xx_hal_msp.o
 .debug_aranges
                0x00000310       0x60 ./Core/Src/stm32f1xx_it.o
 .debug_aranges
                0x00000370       0x28 ./Core/Src/system_stm32f1xx.o
 .debug_aranges
                0x00000398       0x28 ./Core/Startup/startup_stm32f103c8tx.o
 .debug_aranges
                0x000003c0       0xe0 ./Drivers/STM32F1xx_HAL_Driver/Src/stm32f1xx_hal.o
 .debug_aranges
                0x000004a0      0x100 ./Drivers/STM32F1xx_HAL_Driver/Src/stm32f1xx_hal_cortex.o
 .debug_aranges
                0x000005a0       0x90 ./Drivers/STM32F1xx_HAL_Driver/Src/stm32f1xx_hal_rcc.o

.debug_rnglists
                0x00000000      0x47d
 .debug_rnglists
                0x00000000       0x78 ./Core/Src/lib/peripheral_Lib/Driver/dma/hal_dma.o
 .debug_rnglists
                0x00000078       0x46 ./Core/Src/lib/peripheral_Lib/Driver/gpio/hal_gpio.o
 .debug_rnglists
                0x000000be       0x4c ./Core/Src/lib/peripheral_Lib/Driver/rcc/hal_clock.o
 .debug_rnglists
                0x0000010a       0xce ./Core/Src/lib/peripheral_Lib/Driver/timer/hal_timer.o
 .debug_rnglists
                0x000001d8       0x25 ./Core/Src/lib/personal_lib/private.o
 .debug_rnglists
                0x000001fd       0x2d ./Core/Src/main.o
 .debug_rnglists
                0x0000022a       0x13 ./Core/Src/stm32f1xx_hal_msp.o
 .debug_rnglists
                0x0000023d       0x43 ./Core/Src/stm32f1xx_it.o
 .debug_rnglists
                0x00000280       0x1a ./Core/Src/system_stm32f1xx.o
 .debug_rnglists
                0x0000029a       0x19 ./Core/Startup/startup_stm32f103c8tx.o
 .debug_rnglists
                0x000002b3       0xa3 ./Drivers/STM32F1xx_HAL_Driver/Src/stm32f1xx_hal.o
 .debug_rnglists
                0x00000356       0xbb ./Drivers/STM32F1xx_HAL_Driver/Src/stm32f1xx_hal_cortex.o
 .debug_rnglists
                0x00000411       0x6c ./Drivers/STM32F1xx_HAL_Driver/Src/stm32f1xx_hal_rcc.o

.debug_macro    0x00000000    0x16126
 .debug_macro   0x00000000       0xe7 ./Core/Src/lib/peripheral_Lib/Driver/dma/hal_dma.o
 .debug_macro   0x000000e7      0xacc ./Core/Src/lib/peripheral_Lib/Driver/dma/hal_dma.o
 .debug_macro   0x00000bb3       0x22 ./Core/Src/lib/peripheral_Lib/Driver/dma/hal_dma.o
 .debug_macro   0x00000bd5       0x8e ./Core/Src/lib/peripheral_Lib/Driver/dma/hal_dma.o
 .debug_macro   0x00000c63       0x51 ./Core/Src/lib/peripheral_Lib/Driver/dma/hal_dma.o
 .debug_macro   0x00000cb4      0x103 ./Core/Src/lib/peripheral_Lib/Driver/dma/hal_dma.o
 .debug_macro   0x00000db7       0x6a ./Core/Src/lib/peripheral_Lib/Driver/dma/hal_dma.o
 .debug_macro   0x00000e21      0x1df ./Core/Src/lib/peripheral_Lib/Driver/dma/hal_dma.o
 .debug_macro   0x00001000      0x190 ./Core/Src/lib/peripheral_Lib/Driver/dma/hal_dma.o
 .debug_macro   0x00001190      0x1c7 ./Core/Src/lib/peripheral_Lib/Driver/dma/hal_dma.o
 .debug_macro   0x00001357       0x22 ./Core/Src/lib/peripheral_Lib/Driver/dma/hal_dma.o
 .debug_macro   0x00001379       0x1c ./Core/Src/lib/peripheral_Lib/Driver/dma/hal_dma.o
 .debug_macro   0x00001395       0x22 ./Core/Src/lib/peripheral_Lib/Driver/dma/hal_dma.o
 .debug_macro   0x000013b7       0xbd ./Core/Src/lib/peripheral_Lib/Driver/dma/hal_dma.o
 .debug_macro   0x00001474      0xd23 ./Core/Src/lib/peripheral_Lib/Driver/dma/hal_dma.o
 .debug_macro   0x00002197     0xe09e ./Core/Src/lib/peripheral_Lib/Driver/dma/hal_dma.o
 .debug_macro   0x00010235       0x70 ./Core/Src/lib/peripheral_Lib/Driver/dma/hal_dma.o
 .debug_macro   0x000102a5       0x2e ./Core/Src/lib/peripheral_Lib/Driver/dma/hal_dma.o
 .debug_macro   0x000102d3       0xd8 ./Core/Src/lib/peripheral_Lib/Driver/gpio/hal_gpio.o
 .debug_macro   0x000103ab      0x1db ./Core/Src/lib/peripheral_Lib/Driver/gpio/hal_gpio.o
 .debug_macro   0x00010586       0xcb ./Core/Src/lib/peripheral_Lib/Driver/rcc/hal_clock.o
 .debug_macro   0x00010651       0xf9 ./Core/Src/lib/peripheral_Lib/Driver/timer/hal_timer.o
 .debug_macro   0x0001074a       0x94 ./Core/Src/lib/peripheral_Lib/Driver/timer/hal_timer.o
 .debug_macro   0x000107de      0x10a ./Core/Src/lib/personal_lib/private.o
 .debug_macro   0x000108e8      0x1ea ./Core/Src/main.o
 .debug_macro   0x00010ad2      0x20f ./Core/Src/main.o
 .debug_macro   0x00010ce1       0x2e ./Core/Src/main.o
 .debug_macro   0x00010d0f       0x6d ./Core/Src/main.o
 .debug_macro   0x00010d7c     0x34a2 ./Core/Src/main.o
 .debug_macro   0x0001421e       0x5c ./Core/Src/main.o
 .debug_macro   0x0001427a      0x5bc ./Core/Src/main.o
 .debug_macro   0x00014836      0x289 ./Core/Src/main.o
 .debug_macro   0x00014abf      0x1cb ./Core/Src/main.o
 .debug_macro   0x00014c8a      0x114 ./Core/Src/main.o
 .debug_macro   0x00014d9e      0x1b2 ./Core/Src/main.o
 .debug_macro   0x00014f50       0x27 ./Core/Src/main.o
 .debug_macro   0x00014f77      0x136 ./Core/Src/main.o
 .debug_macro   0x000150ad      0x1bc ./Core/Src/main.o
 .debug_macro   0x00015269       0x34 ./Core/Src/main.o
 .debug_macro   0x0001529d       0x3c ./Core/Src/main.o
 .debug_macro   0x000152d9       0x57 ./Core/Src/main.o
 .debug_macro   0x00015330       0x87 ./Core/Src/main.o
 .debug_macro   0x000153b7      0x240 ./Core/Src/main.o
 .debug_macro   0x000155f7      0x140 ./Core/Src/main.o
 .debug_macro   0x00015737       0x83 ./Core/Src/main.o
 .debug_macro   0x000157ba      0x18e ./Core/Src/stm32f1xx_hal_msp.o
 .debug_macro   0x00015948      0x198 ./Core/Src/stm32f1xx_it.o
 .debug_macro   0x00015ae0      0x184 ./Core/Src/system_stm32f1xx.o
 .debug_macro   0x00015c64      0x1a8 ./Drivers/STM32F1xx_HAL_Driver/Src/stm32f1xx_hal.o
 .debug_macro   0x00015e0c      0x184 ./Drivers/STM32F1xx_HAL_Driver/Src/stm32f1xx_hal_cortex.o
 .debug_macro   0x00015f90      0x196 ./Drivers/STM32F1xx_HAL_Driver/Src/stm32f1xx_hal_rcc.o

.debug_line     0x00000000     0x9029
 .debug_line    0x00000000      0xcf7 ./Core/Src/lib/peripheral_Lib/Driver/dma/hal_dma.o
 .debug_line    0x00000cf7      0xcbf ./Core/Src/lib/peripheral_Lib/Driver/gpio/hal_gpio.o
 .debug_line    0x000019b6      0xa72 ./Core/Src/lib/peripheral_Lib/Driver/rcc/hal_clock.o
 .debug_line    0x00002428     0x1123 ./Core/Src/lib/peripheral_Lib/Driver/timer/hal_timer.o
 .debug_line    0x0000354b      0xa7a ./Core/Src/lib/personal_lib/private.o
 .debug_line    0x00003fc5      0xeb0 ./Core/Src/main.o
 .debug_line    0x00004e75      0x840 ./Core/Src/stm32f1xx_hal_msp.o
 .debug_line    0x000056b5      0x8ee ./Core/Src/stm32f1xx_it.o
 .debug_line    0x00005fa3      0x8be ./Core/Src/system_stm32f1xx.o
 .debug_line    0x00006861       0x78 ./Core/Startup/startup_stm32f103c8tx.o
 .debug_line    0x000068d9      0xaef ./Drivers/STM32F1xx_HAL_Driver/Src/stm32f1xx_hal.o
 .debug_line    0x000073c8      0xcb9 ./Drivers/STM32F1xx_HAL_Driver/Src/stm32f1xx_hal_cortex.o
 .debug_line    0x00008081      0xfa8 ./Drivers/STM32F1xx_HAL_Driver/Src/stm32f1xx_hal_rcc.o

.debug_str      0x00000000    0x7eff7
 .debug_str     0x00000000    0x7eff7 ./Core/Src/lib/peripheral_Lib/Driver/dma/hal_dma.o
                              0x558be (size before relaxing)
 .debug_str     0x0007eff7    0x55fef ./Core/Src/lib/peripheral_Lib/Driver/gpio/hal_gpio.o
 .debug_str     0x0007eff7    0x55734 ./Core/Src/lib/peripheral_Lib/Driver/rcc/hal_clock.o
 .debug_str     0x0007eff7    0x55cdd ./Core/Src/lib/peripheral_Lib/Driver/timer/hal_timer.o
 .debug_str     0x0007eff7    0x56585 ./Core/Src/lib/personal_lib/private.o
 .debug_str     0x0007eff7    0x7cf37 ./Core/Src/main.o
 .debug_str     0x0007eff7    0x7addf ./Core/Src/stm32f1xx_hal_msp.o
 .debug_str     0x0007eff7    0x7adf4 ./Core/Src/stm32f1xx_it.o
 .debug_str     0x0007eff7    0x7ae0a ./Core/Src/system_stm32f1xx.o
 .debug_str     0x0007eff7       0x7c ./Core/Startup/startup_stm32f103c8tx.o
 .debug_str     0x0007eff7    0x7b53d ./Drivers/STM32F1xx_HAL_Driver/Src/stm32f1xx_hal.o
 .debug_str     0x0007eff7    0x7b489 ./Drivers/STM32F1xx_HAL_Driver/Src/stm32f1xx_hal_cortex.o
 .debug_str     0x0007eff7    0x7b239 ./Drivers/STM32F1xx_HAL_Driver/Src/stm32f1xx_hal_rcc.o

.comment        0x00000000       0x43
 .comment       0x00000000       0x43 ./Core/Src/lib/peripheral_Lib/Driver/dma/hal_dma.o
                                 0x44 (size before relaxing)
 .comment       0x00000043       0x44 ./Core/Src/lib/peripheral_Lib/Driver/gpio/hal_gpio.o
 .comment       0x00000043       0x44 ./Core/Src/lib/peripheral_Lib/Driver/rcc/hal_clock.o
 .comment       0x00000043       0x44 ./Core/Src/lib/peripheral_Lib/Driver/timer/hal_timer.o
 .comment       0x00000043       0x44 ./Core/Src/lib/personal_lib/private.o
 .comment       0x00000043       0x44 ./Core/Src/main.o
 .comment       0x00000043       0x44 ./Core/Src/stm32f1xx_hal_msp.o
 .comment       0x00000043       0x44 ./Core/Src/stm32f1xx_it.o
 .comment       0x00000043       0x44 ./Core/Src/system_stm32f1xx.o
 .comment       0x00000043       0x44 ./Drivers/STM32F1xx_HAL_Driver/Src/stm32f1xx_hal.o
 .comment       0x00000043       0x44 ./Drivers/STM32F1xx_HAL_Driver/Src/stm32f1xx_hal_cortex.o
 .comment       0x00000043       0x44 ./Drivers/STM32F1xx_HAL_Driver/Src/stm32f1xx_hal_rcc.o

.debug_frame    0x00000000     0x1688
 .debug_frame   0x00000000      0x254 ./Core/Src/lib/peripheral_Lib/Driver/dma/hal_dma.o
 .debug_frame   0x00000254      0x174 ./Core/Src/lib/peripheral_Lib/Driver/gpio/hal_gpio.o
 .debug_frame   0x000003c8      0x198 ./Core/Src/lib/peripheral_Lib/Driver/rcc/hal_clock.o
 .debug_frame   0x00000560      0x484 ./Core/Src/lib/peripheral_Lib/Driver/timer/hal_timer.o
 .debug_frame   0x000009e4       0x98 ./Core/Src/lib/personal_lib/private.o
 .debug_frame   0x00000a7c       0xb8 ./Core/Src/main.o
 .debug_frame   0x00000b34       0x38 ./Core/Src/stm32f1xx_hal_msp.o
 .debug_frame   0x00000b6c      0x104 ./Core/Src/stm32f1xx_it.o
 .debug_frame   0x00000c70       0x58 ./Core/Src/system_stm32f1xx.o
 .debug_frame   0x00000cc8      0x334 ./Drivers/STM32F1xx_HAL_Driver/Src/stm32f1xx_hal.o
 .debug_frame   0x00000ffc      0x428 ./Drivers/STM32F1xx_HAL_Driver/Src/stm32f1xx_hal_cortex.o
 .debug_frame   0x00001424      0x218 ./Drivers/STM32F1xx_HAL_Driver/Src/stm32f1xx_hal_rcc.o
 .debug_frame   0x0000163c       0x20 D:/file stm32/ide code/STM32CubeIDE_1.19.0/STM32CubeIDE/plugins/com.st.stm32cube.ide.mcu.externaltools.gnu-tools-for-stm32.13.3.rel1.win32_1.0.0.202411081344/tools/bin/../lib/gcc/arm-none-eabi/13.3.1/../../../../arm-none-eabi/lib/thumb/v7-m/nofp\libc_nano.a(libc_a-memset.o)
 .debug_frame   0x0000165c       0x2c D:/file stm32/ide code/STM32CubeIDE_1.19.0/STM32CubeIDE/plugins/com.st.stm32cube.ide.mcu.externaltools.gnu-tools-for-stm32.13.3.rel1.win32_1.0.0.202411081344/tools/bin/../lib/gcc/arm-none-eabi/13.3.1/../../../../arm-none-eabi/lib/thumb/v7-m/nofp\libc_nano.a(libc_a-init.o)

.debug_line_str
                0x00000000       0x60
 .debug_line_str
                0x00000000       0x60 ./Core/Startup/startup_stm32f103c8tx.o
