../Core/Src/lib/peripheral_Lib/Driver/timer/hal_timer.c:84:13:prv_TIM_EnableClock	16	static
../Core/Src/lib/peripheral_Lib/Driver/timer/hal_timer.c:116:16:prv_TIM_GetIndex	24	static
../Core/Src/lib/peripheral_Lib/Driver/timer/hal_timer.c:149:13:prv_NVIC_EnableIRQ	16	static
../Core/Src/lib/peripheral_Lib/Driver/timer/hal_timer.c:166:13:prv_NVIC_DisableIRQ	16	static
../Core/Src/lib/peripheral_Lib/Driver/timer/hal_timer.c:185:20:HAL_TIM_Base_Init	24	static
../Core/Src/lib/peripheral_Lib/Driver/timer/hal_timer.c:225:20:HAL_TIM_Base_Start	16	static
../Core/Src/lib/peripheral_Lib/Driver/timer/hal_timer.c:244:20:HAL_TIM_Base_Stop	16	static
../Core/Src/lib/peripheral_Lib/Driver/timer/hal_timer.c:263:20:HAL_TIM_Base_Start_IT	24	static
../Core/Src/lib/peripheral_Lib/Driver/timer/hal_timer.c:292:20:HAL_TIM_Base_Stop_IT	24	static
../Core/Src/lib/peripheral_Lib/Driver/timer/hal_timer.c:319:20:HAL_TIM_PWM_Init	16	static
../Core/Src/lib/peripheral_Lib/Driver/timer/hal_timer.c:333:20:HAL_TIM_PWM_ConfigChannel	32	static
../Core/Src/lib/peripheral_Lib/Driver/timer/hal_timer.c:375:20:HAL_TIM_PWM_Start	16	static
../Core/Src/lib/peripheral_Lib/Driver/timer/hal_timer.c:393:20:HAL_TIM_PWM_Stop	16	static
../Core/Src/lib/peripheral_Lib/Driver/timer/hal_timer.c:409:20:HAL_TIM_IC_Init	16	static
../Core/Src/lib/peripheral_Lib/Driver/timer/hal_timer.c:423:20:HAL_TIM_IC_ConfigChannel	32	static
../Core/Src/lib/peripheral_Lib/Driver/timer/hal_timer.c:457:20:HAL_TIM_IC_Start	16	static
../Core/Src/lib/peripheral_Lib/Driver/timer/hal_timer.c:475:20:HAL_TIM_IC_Start_IT	24	static
../Core/Src/lib/peripheral_Lib/Driver/timer/hal_timer.c:501:10:HAL_TIM_ReadCapturedValue	16	static
../Core/Src/lib/peripheral_Lib/Driver/timer/hal_timer.c:516:20:HAL_TIM_Encoder_Init	16	static
../Core/Src/lib/peripheral_Lib/Driver/timer/hal_timer.c:551:20:HAL_TIM_Encoder_Start	16	static
../Core/Src/lib/peripheral_Lib/Driver/timer/hal_timer.c:572:20:HAL_TIM_Encoder_Stop	16	static
../Core/Src/lib/peripheral_Lib/Driver/timer/hal_timer.c:590:6:HAL_TIM_DelayUs	16	static
../Core/Src/lib/peripheral_Lib/Driver/timer/hal_timer.c:606:6:HAL_TIM_DelayMs	24	static
../Core/Src/lib/peripheral_Lib/Driver/timer/hal_timer.c:621:6:HAL_TIM_IRQHandler	24	static
../Core/Src/lib/peripheral_Lib/Driver/timer/hal_timer.c:650:28:HALx_TIM_PeriodElapsedCallback	16	static
../Core/Src/lib/peripheral_Lib/Driver/timer/hal_timer.c:660:28:HALx_TIM_IC_CaptureCallback	16	static
../Core/Src/lib/peripheral_Lib/Driver/timer/hal_timer.c:666:6:TIM1_UP_IRQHandler	8	static
../Core/Src/lib/peripheral_Lib/Driver/timer/hal_timer.c:675:6:TIM1_CC_IRQHandler	8	static
../Core/Src/lib/peripheral_Lib/Driver/timer/hal_timer.c:684:6:TIM2_IRQHandler	8	static
../Core/Src/lib/peripheral_Lib/Driver/timer/hal_timer.c:693:6:TIM3_IRQHandler	8	static
../Core/Src/lib/peripheral_Lib/Driver/timer/hal_timer.c:702:6:TIM4_IRQHandler	8	static
