../Drivers/CMSIS/Include/core_cm3.h:1511:22:__NVIC_EnableIRQ	16	static
../Drivers/CMSIS/Include/core_cm3.h:1639:22:__NVIC_SetPriority	16	static
../Core/Src/main.c:67:13:delay_ms	24	static
../Core/Src/main.c:76:13:Test_GPIO_Output_Init	24	static
../Core/Src/main.c:94:13:Test_GPIO_Input_Init	24	static
../Core/Src/main.c:111:13:Test_GPIO_Lock	32	static
../Core/Src/main.c:131:13:Test_GPIO_EXTI_Init	24	static
../Core/Src/main.c:153:5:main	16	static
../Core/Src/main.c:257:6:SystemClock_Config	72	static
../Core/Src/main.c:296:13:MX_GPIO_Init	16	static
../Core/Src/main.c:307:6:HAL_IncTick	4	static
../Core/Src/main.c:313:6:EXTI0_IRQHandler	8	static
../Core/Src/main.c:319:6:GPIO_EXTI_Callback_t	16	static
../Core/Src/main.c:333:6:Error_Handler	4	static,ignoring_inline_asm
