../Core/Src/lib/peripheral_Lib/Driver/dma/hal_dma.c:76:16:prv_DMA_GetChannelIndex	16	static
../Core/Src/lib/peripheral_Lib/Driver/dma/hal_dma.c:93:13:prv_NVIC_EnableIRQ	16	static
../Core/Src/lib/peripheral_Lib/Driver/dma/hal_dma.c:107:20:DMAx_Init	24	static
../Core/Src/lib/peripheral_Lib/Driver/dma/hal_dma.c:144:20:DMAx_DeInit	24	static
../Core/Src/lib/peripheral_Lib/Driver/dma/hal_dma.c:178:20:DMAx_Start	24	static
../Core/Src/lib/peripheral_Lib/Driver/dma/hal_dma.c:218:20:DMAx_Start_IT	32	static
../Core/Src/lib/peripheral_Lib/Driver/dma/hal_dma.c:271:20:DMAx_Stop	16	static
../Core/Src/lib/peripheral_Lib/Driver/dma/hal_dma.c:287:20:DMAx_Stop_IT	16	static
../Core/Src/lib/peripheral_Lib/Driver/dma/hal_dma.c:304:10:DMAx_GetCounter	16	static
../Core/Src/lib/peripheral_Lib/Driver/dma/hal_dma.c:319:6:DMAx_IRQHandler	32	static
../Core/Src/lib/peripheral_Lib/Driver/dma/hal_dma.c:373:6:DMA1_Channel1_IRQHandler	8	static
../Core/Src/lib/peripheral_Lib/Driver/dma/hal_dma.c:381:6:DMA1_Channel2_IRQHandler	8	static
../Core/Src/lib/peripheral_Lib/Driver/dma/hal_dma.c:389:6:DMA1_Channel3_IRQHandler	8	static
../Core/Src/lib/peripheral_Lib/Driver/dma/hal_dma.c:397:6:DMA1_Channel4_IRQHandler	8	static
../Core/Src/lib/peripheral_Lib/Driver/dma/hal_dma.c:405:6:DMA1_Channel5_IRQHandler	8	static
../Core/Src/lib/peripheral_Lib/Driver/dma/hal_dma.c:413:6:DMA1_Channel6_IRQHandler	8	static
../Core/Src/lib/peripheral_Lib/Driver/dma/hal_dma.c:421:6:DMA1_Channel7_IRQHandler	8	static
