Archive member included to satisfy reference by file (symbol)

c:/st/stm32cubeide_1.6.0/stm32cubeide/plugins/com.st.stm32cube.ide.mcu.externaltools.gnu-tools-for-stm32.9-2020-q2-update.win32_1.5.0.202011040924/tools/bin/../lib/gcc/arm-none-eabi/9.3.1/../../../../arm-none-eabi/lib/thumb/v7-m/nofp\libc_nano.a(lib_a-errno.o)
                              Core/Src/syscalls.o (__errno)
c:/st/stm32cubeide_1.6.0/stm32cubeide/plugins/com.st.stm32cube.ide.mcu.externaltools.gnu-tools-for-stm32.9-2020-q2-update.win32_1.5.0.202011040924/tools/bin/../lib/gcc/arm-none-eabi/9.3.1/../../../../arm-none-eabi/lib/thumb/v7-m/nofp\libc_nano.a(lib_a-exit.o)
                              c:/st/stm32cubeide_1.6.0/stm32cubeide/plugins/com.st.stm32cube.ide.mcu.externaltools.gnu-tools-for-stm32.9-2020-q2-update.win32_1.5.0.202011040924/tools/bin/../lib/gcc/arm-none-eabi/9.3.1/../../../../arm-none-eabi/lib/thumb/v7-m/nofp/crt0.o (exit)
c:/st/stm32cubeide_1.6.0/stm32cubeide/plugins/com.st.stm32cube.ide.mcu.externaltools.gnu-tools-for-stm32.9-2020-q2-update.win32_1.5.0.202011040924/tools/bin/../lib/gcc/arm-none-eabi/9.3.1/../../../../arm-none-eabi/lib/thumb/v7-m/nofp\libc_nano.a(lib_a-impure.o)
                              c:/st/stm32cubeide_1.6.0/stm32cubeide/plugins/com.st.stm32cube.ide.mcu.externaltools.gnu-tools-for-stm32.9-2020-q2-update.win32_1.5.0.202011040924/tools/bin/../lib/gcc/arm-none-eabi/9.3.1/../../../../arm-none-eabi/lib/thumb/v7-m/nofp\libc_nano.a(lib_a-exit.o) (_global_impure_ptr)
c:/st/stm32cubeide_1.6.0/stm32cubeide/plugins/com.st.stm32cube.ide.mcu.externaltools.gnu-tools-for-stm32.9-2020-q2-update.win32_1.5.0.202011040924/tools/bin/../lib/gcc/arm-none-eabi/9.3.1/../../../../arm-none-eabi/lib/thumb/v7-m/nofp\libc_nano.a(lib_a-init.o)
                              c:/st/stm32cubeide_1.6.0/stm32cubeide/plugins/com.st.stm32cube.ide.mcu.externaltools.gnu-tools-for-stm32.9-2020-q2-update.win32_1.5.0.202011040924/tools/bin/../lib/gcc/arm-none-eabi/9.3.1/../../../../arm-none-eabi/lib/thumb/v7-m/nofp/crt0.o (__libc_init_array)
c:/st/stm32cubeide_1.6.0/stm32cubeide/plugins/com.st.stm32cube.ide.mcu.externaltools.gnu-tools-for-stm32.9-2020-q2-update.win32_1.5.0.202011040924/tools/bin/../lib/gcc/arm-none-eabi/9.3.1/../../../../arm-none-eabi/lib/thumb/v7-m/nofp\libc_nano.a(lib_a-memset.o)
                              c:/st/stm32cubeide_1.6.0/stm32cubeide/plugins/com.st.stm32cube.ide.mcu.externaltools.gnu-tools-for-stm32.9-2020-q2-update.win32_1.5.0.202011040924/tools/bin/../lib/gcc/arm-none-eabi/9.3.1/../../../../arm-none-eabi/lib/thumb/v7-m/nofp/crt0.o (memset)
c:/st/stm32cubeide_1.6.0/stm32cubeide/plugins/com.st.stm32cube.ide.mcu.externaltools.gnu-tools-for-stm32.9-2020-q2-update.win32_1.5.0.202011040924/tools/bin/../lib/gcc/arm-none-eabi/9.3.1/thumb/v7-m/nofp\libgcc.a(_arm_mulsf3.o)
                              Core/Lib/Driver/uart/hal_uart.o (__aeabi_fmul)
c:/st/stm32cubeide_1.6.0/stm32cubeide/plugins/com.st.stm32cube.ide.mcu.externaltools.gnu-tools-for-stm32.9-2020-q2-update.win32_1.5.0.202011040924/tools/bin/../lib/gcc/arm-none-eabi/9.3.1/thumb/v7-m/nofp\libgcc.a(_arm_addsubsf3.o)
                              Core/Lib/Driver/uart/hal_uart.o (__aeabi_fsub)
c:/st/stm32cubeide_1.6.0/stm32cubeide/plugins/com.st.stm32cube.ide.mcu.externaltools.gnu-tools-for-stm32.9-2020-q2-update.win32_1.5.0.202011040924/tools/bin/../lib/gcc/arm-none-eabi/9.3.1/thumb/v7-m/nofp\libgcc.a(_arm_muldivsf3.o)
                              Core/Lib/Driver/uart/hal_uart.o (__aeabi_fdiv)
c:/st/stm32cubeide_1.6.0/stm32cubeide/plugins/com.st.stm32cube.ide.mcu.externaltools.gnu-tools-for-stm32.9-2020-q2-update.win32_1.5.0.202011040924/tools/bin/../lib/gcc/arm-none-eabi/9.3.1/thumb/v7-m/nofp\libgcc.a(_arm_fixunssfsi.o)
                              Core/Lib/Driver/uart/hal_uart.o (__aeabi_f2uiz)

Allocating common symbols
Common symbol       size              file

uwTick              0x4               Drivers/STM32F1xx_HAL_Driver/Src/stm32f1xx_hal.o
pFlash              0x20              Drivers/STM32F1xx_HAL_Driver/Src/stm32f1xx_hal_flash.o

Discarded input sections

 .text          0x0000000000000000        0x0 c:/st/stm32cubeide_1.6.0/stm32cubeide/plugins/com.st.stm32cube.ide.mcu.externaltools.gnu-tools-for-stm32.9-2020-q2-update.win32_1.5.0.202011040924/tools/bin/../lib/gcc/arm-none-eabi/9.3.1/thumb/v7-m/nofp/crti.o
 .data          0x0000000000000000        0x0 c:/st/stm32cubeide_1.6.0/stm32cubeide/plugins/com.st.stm32cube.ide.mcu.externaltools.gnu-tools-for-stm32.9-2020-q2-update.win32_1.5.0.202011040924/tools/bin/../lib/gcc/arm-none-eabi/9.3.1/thumb/v7-m/nofp/crti.o
 .bss           0x0000000000000000        0x0 c:/st/stm32cubeide_1.6.0/stm32cubeide/plugins/com.st.stm32cube.ide.mcu.externaltools.gnu-tools-for-stm32.9-2020-q2-update.win32_1.5.0.202011040924/tools/bin/../lib/gcc/arm-none-eabi/9.3.1/thumb/v7-m/nofp/crti.o
[...]
Memory Configuration

Name             Origin             Length             Attributes
RAM              0x0000000020000000 0x0000000000005000 xrw
FLASH            0x0000000008000000 0x0000000000010000 xr
*default*        0x0000000000000000 0xffffffffffffffff

Linker script and memory map

LOAD c:/st/stm32cubeide_1.6.0/stm32cubeide/plugins/com.st.stm32cube.ide.mcu.externaltools.gnu-tools-for-stm32.9-2020-q2-update.win32_1.5.0.202011040924/tools/bin/../lib/gcc/arm-none-eabi/9.3.1/thumb/v7-m/nofp/crti.o
LOAD c:/st/stm32cubeide_1.6.0/stm32cubeide/plugins/com.st.stm32cube.ide.mcu.externaltools.gnu-tools-for-stm32.9-2020-q2-update.win32_1.5.0.202011040924/tools/bin/../lib/gcc/arm-none-eabi/9.3.1/thumb/v7-m/nofp/crtbegin.o
LOAD c:/st/stm32cubeide_1.6.0/stm32cubeide/plugins/com.st.stm32cube.ide.mcu.externaltools.gnu-tools-for-stm32.9-2020-q2-update.win32_1.5.0.202011040924/tools/bin/../lib/gcc/arm-none-eabi/9.3.1/../../../../arm-none-eabi/lib/thumb/v7-m/nofp/crt0.o
LOAD Core/Lib/Device/w25xx/hal_w25qxx.o
LOAD Core/Lib/Driver/dma/hal_dma.o
LOAD Core/Lib/Driver/gpio/hal_gpio.o
LOAD Core/Lib/Driver/rcc/hal_clock.o
LOAD Core/Lib/Driver/spi/hal_spi.o
LOAD Core/Lib/Driver/timer/hal_timer.o
LOAD Core/Lib/Driver/uart/hal_uart.o
LOAD Core/Src/main.o
LOAD Core/Src/stm32f1xx_hal_msp.o
LOAD Core/Src/stm32f1xx_it.o
LOAD Core/Src/syscalls.o
LOAD Core/Src/sysmem.o
LOAD Core/Src/system_stm32f1xx.o
LOAD Core/Startup/startup_stm32f103c8tx.o
LOAD Drivers/STM32F1xx_HAL_Driver/Src/stm32f1xx_hal.o
LOAD Drivers/STM32F1xx_HAL_Driver/Src/stm32f1xx_hal_cortex.o
LOAD Drivers/STM32F1xx_HAL_Driver/Src/stm32f1xx_hal_dma.o
LOAD Drivers/STM32F1xx_HAL_Driver/Src/stm32f1xx_hal_exti.o
LOAD Drivers/STM32F1xx_HAL_Driver/Src/stm32f1xx_hal_flash.o
LOAD Drivers/STM32F1xx_HAL_Driver/Src/stm32f1xx_hal_flash_ex.o
LOAD Drivers/STM32F1xx_HAL_Driver/Src/stm32f1xx_hal_gpio.o
LOAD Drivers/STM32F1xx_HAL_Driver/Src/stm32f1xx_hal_gpio_ex.o
LOAD Drivers/STM32F1xx_HAL_Driver/Src/stm32f1xx_hal_pwr.o
LOAD Drivers/STM32F1xx_HAL_Driver/Src/stm32f1xx_hal_rcc.o
LOAD Drivers/STM32F1xx_HAL_Driver/Src/stm32f1xx_hal_rcc_ex.o
LOAD Drivers/STM32F1xx_HAL_Driver/Src/stm32f1xx_hal_tim.o
LOAD Drivers/STM32F1xx_HAL_Driver/Src/stm32f1xx_hal_tim_ex.o
START GROUP
LOAD c:/st/stm32cubeide_1.6.0/stm32cubeide/plugins/com.st.stm32cube.ide.mcu.externaltools.gnu-tools-for-stm32.9-2020-q2-update.win32_1.5.0.202011040924/tools/bin/../lib/gcc/arm-none-eabi/9.3.1/../../../../arm-none-eabi/lib/thumb/v7-m/nofp\libc_nano.a
LOAD c:/st/stm32cubeide_1.6.0/stm32cubeide/plugins/com.st.stm32cube.ide.mcu.externaltools.gnu-tools-for-stm32.9-2020-q2-update.win32_1.5.0.202011040924/tools/bin/../lib/gcc/arm-none-eabi/9.3.1/../../../../arm-none-eabi/lib/thumb/v7-m/nofp\libm.a
END GROUP
START GROUP
LOAD c:/st/stm32cubeide_1.6.0/stm32cubeide/plugins/com.st.stm32cube.ide.mcu.externaltools.gnu-tools-for-stm32.9-2020-q2-update.win32_1.5.0.202011040924/tools/bin/../lib/gcc/arm-none-eabi/9.3.1/thumb/v7-m/nofp\libgcc.a
LOAD c:/st/stm32cubeide_1.6.0/stm32cubeide/plugins/com.st.stm32cube.ide.mcu.externaltools.gnu-tools-for-stm32.9-2020-q2-update.win32_1.5.0.202011040924/tools/bin/../lib/gcc/arm-none-eabi/9.3.1/../../../../arm-none-eabi/lib/thumb/v7-m/nofp\libc_nano.a
END GROUP
START GROUP
LOAD c:/st/stm32cubeide_1.6.0/stm32cubeide/plugins/com.st.stm32cube.ide.mcu.externaltools.gnu-tools-for-stm32.9-2020-q2-update.win32_1.5.0.202011040924/tools/bin/../lib/gcc/arm-none-eabi/9.3.1/thumb/v7-m/nofp\libgcc.a
LOAD c:/st/stm32cubeide_1.6.0/stm32cubeide/plugins/com.st.stm32cube.ide.mcu.externaltools.gnu-tools-for-stm32.9-2020-q2-update.win32_1.5.0.202011040924/tools/bin/../lib/gcc/arm-none-eabi/9.3.1/../../../../arm-none-eabi/lib/thumb/v7-m/nofp\libc_nano.a
LOAD c:/st/stm32cubeide_1.6.0/stm32cubeide/plugins/com.st.stm32cube.ide.mcu.externaltools.gnu-tools-for-stm32.9-2020-q2-update.win32_1.5.0.202011040924/tools/bin/../lib/gcc/arm-none-eabi/9.3.1/../../../../arm-none-eabi/lib/thumb/v7-m/nofp\libnosys.a
END GROUP
START GROUP
LOAD c:/st/stm32cubeide_1.6.0/stm32cubeide/plugins/com.st.stm32cube.ide.mcu.externaltools.gnu-tools-for-stm32.9-2020-q2-update.win32_1.5.0.202011040924/tools/bin/../lib/gcc/arm-none-eabi/9.3.1/thumb/v7-m/nofp\libgcc.a
LOAD c:/st/stm32cubeide_1.6.0/stm32cubeide/plugins/com.st.stm32cube.ide.mcu.externaltools.gnu-tools-for-stm32.9-2020-q2-update.win32_1.5.0.202011040924/tools/bin/../lib/gcc/arm-none-eabi/9.3.1/../../../../arm-none-eabi/lib/thumb/v7-m/nofp\libc_nano.a
LOAD c:/st/stm32cubeide_1.6.0/stm32cubeide/plugins/com.st.stm32cube.ide.mcu.externaltools.gnu-tools-for-stm32.9-2020-q2-update.win32_1.5.0.202011040924/tools/bin/../lib/gcc/arm-none-eabi/9.3.1/../../../../arm-none-eabi/lib/thumb/v7-m/nofp\libnosys.a
END GROUP
LOAD c:/st/stm32cubeide_1.6.0/stm32cubeide/plugins/com.st.stm32cube.ide.mcu.externaltools.gnu-tools-for-stm32.9-2020-q2-update.win32_1.5.0.202011040924/tools/bin/../lib/gcc/arm-none-eabi/9.3.1/thumb/v7-m/nofp/crtend.o
LOAD c:/st/stm32cubeide_1.6.0/stm32cubeide/plugins/com.st.stm32cube.ide.mcu.externaltools.gnu-tools-for-stm32.9-2020-q2-update.win32_1.5.0.202011040924/tools/bin/../lib/gcc/arm-none-eabi/9.3.1/thumb/v7-m/nofp/crtn.o
                0x0000000020005000                _estack = (ORIGIN (RAM) + LENGTH (RAM))
                0x0000000000000200                _Min_Heap_Size = 0x200
                0x0000000000000400                _Min_Stack_Size = 0x400

.isr_vector     0x0000000008000000      0x10c
                0x0000000008000000                . = ALIGN (0x4)
 *(.isr_vector)
 .isr_vector    0x0000000008000000      0x10c Core/Startup/startup_stm32f103c8tx.o
                0x0000000008000000                g_pfnVectors
                0x000000000800010c                . = ALIGN (0x4)

.text           0x000000000800010c     0x109c
                0x000000000800010c                . = ALIGN (0x4)
 *(.text)
 .text          0x000000000800010c       0x40 c:/st/stm32cubeide_1.6.0/stm32cubeide/plugins/com.st.stm32cube.ide.mcu.externaltools.gnu-tools-for-stm32.9-2020-q2-update.win32_1.5.0.202011040924/tools/bin/../lib/gcc/arm-none-eabi/9.3.1/thumb/v7-m/nofp/crtbegin.o
 *(.text*)
 .text.prv_DMA_GetChannelIndex
                0x000000000800014c       0x84 Core/Lib/Driver/dma/hal_dma.o
 .text.DMAx_IRQHandler
                0x00000000080001d0       0xe8 Core/Lib/Driver/dma/hal_dma.o
                0x00000000080001d0                DMAx_IRQHandler
 .text.DMA1_Channel1_IRQHandler
                0x00000000080002b8       0x20 Core/Lib/Driver/dma/hal_dma.o
                0x00000000080002b8                DMA1_Channel1_IRQHandler
 .text.DMA1_Channel2_IRQHandler
                0x00000000080002d8       0x20 Core/Lib/Driver/dma/hal_dma.o
                0x00000000080002d8                DMA1_Channel2_IRQHandler
 .text.DMA1_Channel3_IRQHandler
                0x00000000080002f8       0x20 Core/Lib/Driver/dma/hal_dma.o
                0x00000000080002f8                DMA1_Channel3_IRQHandler
 .text.DMA1_Channel4_IRQHandler
                0x0000000008000318       0x20 Core/Lib/Driver/dma/hal_dma.o
                0x0000000008000318                DMA1_Channel4_IRQHandler
 .text.DMA1_Channel5_IRQHandler
                0x0000000008000338       0x20 Core/Lib/Driver/dma/hal_dma.o
                0x0000000008000338                DMA1_Channel5_IRQHandler
 .text.DMA1_Channel6_IRQHandler
                0x0000000008000358       0x20 Core/Lib/Driver/dma/hal_dma.o
                0x0000000008000358                DMA1_Channel6_IRQHandler
 .text.DMA1_Channel7_IRQHandler
                0x0000000008000378       0x20 Core/Lib/Driver/dma/hal_dma.o
                0x0000000008000378                DMA1_Channel7_IRQHandler
 .text.HAL_TIM_IRQHandler
                0x0000000008000398       0xa0 Core/Lib/Driver/timer/hal_timer.o
                0x0000000008000398                HAL_TIM_IRQHandler
 .text.HALx_TIM_PeriodElapsedCallback
                0x0000000008000438       0x12 Core/Lib/Driver/timer/hal_timer.o
                0x0000000008000438                HALx_TIM_PeriodElapsedCallback
 .text.HALx_TIM_IC_CaptureCallback
                0x000000000800044a       0x12 Core/Lib/Driver/timer/hal_timer.o
                0x000000000800044a                HALx_TIM_IC_CaptureCallback
 .text.TIM1_UP_IRQHandler
                0x000000000800045c       0x20 Core/Lib/Driver/timer/hal_timer.o
                0x000000000800045c                TIM1_UP_IRQHandler
 .text.TIM1_CC_IRQHandler
                0x000000000800047c       0x20 Core/Lib/Driver/timer/hal_timer.o
                0x000000000800047c                TIM1_CC_IRQHandler
 .text.TIM2_IRQHandler
                0x000000000800049c       0x20 Core/Lib/Driver/timer/hal_timer.o
                0x000000000800049c                TIM2_IRQHandler
 .text.TIM3_IRQHandler
                0x00000000080004bc       0x20 Core/Lib/Driver/timer/hal_timer.o
                0x00000000080004bc                TIM3_IRQHandler
 .text.TIM4_IRQHandler
                0x00000000080004dc       0x20 Core/Lib/Driver/timer/hal_timer.o
                0x00000000080004dc                TIM4_IRQHandler
 .text.main     0x00000000080004fc       0x12 Core/Src/main.o
                0x00000000080004fc                main
 .text.SystemClock_Config
                0x000000000800050e       0x8a Core/Src/main.o
                0x000000000800050e                SystemClock_Config
 .text.MX_GPIO_Init
                0x0000000008000598       0x44 Core/Src/main.o
 .text.Error_Handler
                0x00000000080005dc        0xa Core/Src/main.o
                0x00000000080005dc                Error_Handler
 *fill*         0x00000000080005e6        0x2 
 .text.HAL_MspInit
                0x00000000080005e8       0x64 Core/Src/stm32f1xx_hal_msp.o
                0x00000000080005e8                HAL_MspInit
 .text.NMI_Handler
                0x000000000800064c        0x6 Core/Src/stm32f1xx_it.o
                0x000000000800064c                NMI_Handler
 .text.HardFault_Handler
                0x0000000008000652        0x6 Core/Src/stm32f1xx_it.o
                0x0000000008000652                HardFault_Handler
 .text.MemManage_Handler
                0x0000000008000658        0x6 Core/Src/stm32f1xx_it.o
                0x0000000008000658                MemManage_Handler
 .text.BusFault_Handler
                0x000000000800065e        0x6 Core/Src/stm32f1xx_it.o
                0x000000000800065e                BusFault_Handler
 .text.UsageFault_Handler
                0x0000000008000664        0x6 Core/Src/stm32f1xx_it.o
                0x0000000008000664                UsageFault_Handler
 .text.SVC_Handler
                0x000000000800066a        0xc Core/Src/stm32f1xx_it.o
                0x000000000800066a                SVC_Handler
 .text.DebugMon_Handler
                0x0000000008000676        0xc Core/Src/stm32f1xx_it.o
                0x0000000008000676                DebugMon_Handler
 .text.PendSV_Handler
                0x0000000008000682        0xc Core/Src/stm32f1xx_it.o
                0x0000000008000682                PendSV_Handler
 .text.SysTick_Handler
                0x000000000800068e        0xc Core/Src/stm32f1xx_it.o
                0x000000000800068e                SysTick_Handler
 .text.SystemInit
                0x000000000800069a        0xc Core/Src/system_stm32f1xx.o
                0x000000000800069a                SystemInit
 *fill*         0x00000000080006a6        0x2 
 .text.Reset_Handler
                0x00000000080006a8       0x48 Core/Startup/startup_stm32f103c8tx.o
                0x00000000080006a8                Reset_Handler
 .text.Default_Handler
                0x00000000080006f0        0x2 Core/Startup/startup_stm32f103c8tx.o
                0x00000000080006f0                RTC_Alarm_IRQHandler
                0x00000000080006f0                EXTI2_IRQHandler
                0x00000000080006f0                PVD_IRQHandler
                0x00000000080006f0                EXTI3_IRQHandler
                0x00000000080006f0                EXTI0_IRQHandler
                0x00000000080006f0                I2C2_EV_IRQHandler
                0x00000000080006f0                ADC1_2_IRQHandler
                0x00000000080006f0                SPI1_IRQHandler
                0x00000000080006f0                TAMPER_IRQHandler
                0x00000000080006f0                USART3_IRQHandler
                0x00000000080006f0                RTC_IRQHandler
                0x00000000080006f0                CAN1_RX1_IRQHandler
                0x00000000080006f0                I2C1_EV_IRQHandler
                0x00000000080006f0                RCC_IRQHandler
                0x00000000080006f0                TIM1_TRG_COM_IRQHandler
                0x00000000080006f0                Default_Handler
                0x00000000080006f0                EXTI15_10_IRQHandler
                0x00000000080006f0                EXTI9_5_IRQHandler
                0x00000000080006f0                SPI2_IRQHandler
                0x00000000080006f0                EXTI4_IRQHandler
                0x00000000080006f0                USB_LP_CAN1_RX0_IRQHandler
                0x00000000080006f0                USB_HP_CAN1_TX_IRQHandler
                0x00000000080006f0                WWDG_IRQHandler
                0x00000000080006f0                TIM1_BRK_IRQHandler
                0x00000000080006f0                EXTI1_IRQHandler
                0x00000000080006f0                USART2_IRQHandler
                0x00000000080006f0                I2C2_ER_IRQHandler
                0x00000000080006f0                CAN1_SCE_IRQHandler
                0x00000000080006f0                FLASH_IRQHandler
                0x00000000080006f0                USART1_IRQHandler
                0x00000000080006f0                I2C1_ER_IRQHandler
                0x00000000080006f0                USBWakeUp_IRQHandler
 *fill*         0x00000000080006f2        0x2 
 .text.HAL_Init
                0x00000000080006f4       0x2c Drivers/STM32F1xx_HAL_Driver/Src/stm32f1xx_hal.o
                0x00000000080006f4                HAL_Init
 .text.HAL_InitTick
                0x0000000008000720       0x60 Drivers/STM32F1xx_HAL_Driver/Src/stm32f1xx_hal.o
                0x0000000008000720                HAL_InitTick
 .text.HAL_IncTick
                0x0000000008000780       0x24 Drivers/STM32F1xx_HAL_Driver/Src/stm32f1xx_hal.o
                0x0000000008000780                HAL_IncTick
 .text.HAL_GetTick
                0x00000000080007a4       0x14 Drivers/STM32F1xx_HAL_Driver/Src/stm32f1xx_hal.o
                0x00000000080007a4                HAL_GetTick
 .text.__NVIC_SetPriorityGrouping
                0x00000000080007b8       0x48 Drivers/STM32F1xx_HAL_Driver/Src/stm32f1xx_hal_cortex.o
 .text.__NVIC_GetPriorityGrouping
                0x0000000008000800       0x1c Drivers/STM32F1xx_HAL_Driver/Src/stm32f1xx_hal_cortex.o
 .text.__NVIC_SetPriority
                0x000000000800081c       0x54 Drivers/STM32F1xx_HAL_Driver/Src/stm32f1xx_hal_cortex.o
 .text.NVIC_EncodePriority
                0x0000000008000870       0x64 Drivers/STM32F1xx_HAL_Driver/Src/stm32f1xx_hal_cortex.o
 .text.SysTick_Config
                0x00000000080008d4       0x44 Drivers/STM32F1xx_HAL_Driver/Src/stm32f1xx_hal_cortex.o
 .text.HAL_NVIC_SetPriorityGrouping
                0x0000000008000918       0x16 Drivers/STM32F1xx_HAL_Driver/Src/stm32f1xx_hal_cortex.o
                0x0000000008000918                HAL_NVIC_SetPriorityGrouping
 .text.HAL_NVIC_SetPriority
                0x000000000800092e       0x38 Drivers/STM32F1xx_HAL_Driver/Src/stm32f1xx_hal_cortex.o
                0x000000000800092e                HAL_NVIC_SetPriority
 .text.HAL_SYSTICK_Config
                0x0000000008000966       0x18 Drivers/STM32F1xx_HAL_Driver/Src/stm32f1xx_hal_cortex.o
                0x0000000008000966                HAL_SYSTICK_Config
 *fill*         0x000000000800097e        0x2 
 .text.HAL_RCC_OscConfig
                0x0000000008000980      0x500 Drivers/STM32F1xx_HAL_Driver/Src/stm32f1xx_hal_rcc.o
                0x0000000008000980                HAL_RCC_OscConfig
 .text.HAL_RCC_ClockConfig
                0x0000000008000e80      0x1d4 Drivers/STM32F1xx_HAL_Driver/Src/stm32f1xx_hal_rcc.o
                0x0000000008000e80                HAL_RCC_ClockConfig
 .text.HAL_RCC_GetSysClockFreq
                0x0000000008001054       0xa8 Drivers/STM32F1xx_HAL_Driver/Src/stm32f1xx_hal_rcc.o
                0x0000000008001054                HAL_RCC_GetSysClockFreq
 .text.RCC_Delay
                0x00000000080010fc       0x3c Drivers/STM32F1xx_HAL_Driver/Src/stm32f1xx_hal_rcc.o
 .text.__libc_init_array
                0x0000000008001138       0x48 c:/st/stm32cubeide_1.6.0/stm32cubeide/plugins/com.st.stm32cube.ide.mcu.externaltools.gnu-tools-for-stm32.9-2020-q2-update.win32_1.5.0.202011040924/tools/bin/../lib/gcc/arm-none-eabi/9.3.1/../../../../arm-none-eabi/lib/thumb/v7-m/nofp\libc_nano.a(lib_a-init.o)
                0x0000000008001138                __libc_init_array
 .text.memset   0x0000000008001180       0x10 c:/st/stm32cubeide_1.6.0/stm32cubeide/plugins/com.st.stm32cube.ide.mcu.externaltools.gnu-tools-for-stm32.9-2020-q2-update.win32_1.5.0.202011040924/tools/bin/../lib/gcc/arm-none-eabi/9.3.1/../../../../arm-none-eabi/lib/thumb/v7-m/nofp\libc_nano.a(lib_a-memset.o)
                0x0000000008001180                memset
 *(.glue_7)
 .glue_7        0x0000000008001190        0x0 linker stubs
 *(.glue_7t)
 .glue_7t       0x0000000008001190        0x0 linker stubs
 *(.eh_frame)
 .eh_frame      0x0000000008001190        0x0 c:/st/stm32cubeide_1.6.0/stm32cubeide/plugins/com.st.stm32cube.ide.mcu.externaltools.gnu-tools-for-stm32.9-2020-q2-update.win32_1.5.0.202011040924/tools/bin/../lib/gcc/arm-none-eabi/9.3.1/thumb/v7-m/nofp/crtbegin.o
 *(.init)
 .init          0x0000000008001190        0x4 c:/st/stm32cubeide_1.6.0/stm32cubeide/plugins/com.st.stm32cube.ide.mcu.externaltools.gnu-tools-for-stm32.9-2020-q2-update.win32_1.5.0.202011040924/tools/bin/../lib/gcc/arm-none-eabi/9.3.1/thumb/v7-m/nofp/crti.o
                0x0000000008001190                _init
 .init          0x0000000008001194        0x8 c:/st/stm32cubeide_1.6.0/stm32cubeide/plugins/com.st.stm32cube.ide.mcu.externaltools.gnu-tools-for-stm32.9-2020-q2-update.win32_1.5.0.202011040924/tools/bin/../lib/gcc/arm-none-eabi/9.3.1/thumb/v7-m/nofp/crtn.o
 *(.fini)
 .fini          0x000000000800119c        0x4 c:/st/stm32cubeide_1.6.0/stm32cubeide/plugins/com.st.stm32cube.ide.mcu.externaltools.gnu-tools-for-stm32.9-2020-q2-update.win32_1.5.0.202011040924/tools/bin/../lib/gcc/arm-none-eabi/9.3.1/thumb/v7-m/nofp/crti.o
                0x000000000800119c                _fini
 .fini          0x00000000080011a0        0x8 c:/st/stm32cubeide_1.6.0/stm32cubeide/plugins/com.st.stm32cube.ide.mcu.externaltools.gnu-tools-for-stm32.9-2020-q2-update.win32_1.5.0.202011040924/tools/bin/../lib/gcc/arm-none-eabi/9.3.1/thumb/v7-m/nofp/crtn.o
                0x00000000080011a8                . = ALIGN (0x4)
                0x00000000080011a8                _etext = .

.vfp11_veneer   0x00000000080011a8        0x0
 .vfp11_veneer  0x00000000080011a8        0x0 linker stubs

.v4_bx          0x00000000080011a8        0x0
 .v4_bx         0x00000000080011a8        0x0 linker stubs

.iplt           0x00000000080011a8        0x0
 .iplt          0x00000000080011a8        0x0 c:/st/stm32cubeide_1.6.0/stm32cubeide/plugins/com.st.stm32cube.ide.mcu.externaltools.gnu-tools-for-stm32.9-2020-q2-update.win32_1.5.0.202011040924/tools/bin/../lib/gcc/arm-none-eabi/9.3.1/thumb/v7-m/nofp/crtbegin.o

.rodata         0x00000000080011a8       0x24
                0x00000000080011a8                . = ALIGN (0x4)
 *(.rodata)
 *(.rodata*)
 .rodata.AHBPrescTable
                0x00000000080011a8       0x10 Core/Src/system_stm32f1xx.o
                0x00000000080011a8                AHBPrescTable
 .rodata.aPLLMULFactorTable.5509
                0x00000000080011b8       0x10 Drivers/STM32F1xx_HAL_Driver/Src/stm32f1xx_hal_rcc.o
 .rodata.aPredivFactorTable.5510
                0x00000000080011c8        0x2 Drivers/STM32F1xx_HAL_Driver/Src/stm32f1xx_hal_rcc.o
                0x00000000080011cc                . = ALIGN (0x4)
 *fill*         0x00000000080011ca        0x2 

.rel.dyn        0x00000000080011cc        0x0
 .rel.iplt      0x00000000080011cc        0x0 c:/st/stm32cubeide_1.6.0/stm32cubeide/plugins/com.st.stm32cube.ide.mcu.externaltools.gnu-tools-for-stm32.9-2020-q2-update.win32_1.5.0.202011040924/tools/bin/../lib/gcc/arm-none-eabi/9.3.1/thumb/v7-m/nofp/crtbegin.o

.ARM.extab      0x00000000080011cc        0x0
                0x00000000080011cc                . = ALIGN (0x4)
 *(.ARM.extab* .gnu.linkonce.armextab.*)
                0x00000000080011cc                . = ALIGN (0x4)

.ARM            0x00000000080011cc        0x0
                0x00000000080011cc                . = ALIGN (0x4)
                0x00000000080011cc                __exidx_start = .
 *(.ARM.exidx*)
                0x00000000080011cc                __exidx_end = .
                0x00000000080011cc                . = ALIGN (0x4)

.preinit_array  0x00000000080011cc        0x0
                0x00000000080011cc                . = ALIGN (0x4)
                0x00000000080011cc                PROVIDE (__preinit_array_start = .)
 *(.preinit_array*)
                0x00000000080011cc                PROVIDE (__preinit_array_end = .)
                0x00000000080011cc                . = ALIGN (0x4)

.init_array     0x00000000080011cc        0x4
                0x00000000080011cc                . = ALIGN (0x4)
                0x00000000080011cc                PROVIDE (__init_array_start = .)
 *(SORT_BY_NAME(.init_array.*))
 *(.init_array*)
 .init_array    0x00000000080011cc        0x4 c:/st/stm32cubeide_1.6.0/stm32cubeide/plugins/com.st.stm32cube.ide.mcu.externaltools.gnu-tools-for-stm32.9-2020-q2-update.win32_1.5.0.202011040924/tools/bin/../lib/gcc/arm-none-eabi/9.3.1/thumb/v7-m/nofp/crtbegin.o
                0x00000000080011d0                PROVIDE (__init_array_end = .)
                0x00000000080011d0                . = ALIGN (0x4)

.fini_array     0x00000000080011d0        0x4
                0x00000000080011d0                . = ALIGN (0x4)
                [!provide]                        PROVIDE (__fini_array_start = .)
 *(SORT_BY_NAME(.fini_array.*))
 *(.fini_array*)
 .fini_array    0x00000000080011d0        0x4 c:/st/stm32cubeide_1.6.0/stm32cubeide/plugins/com.st.stm32cube.ide.mcu.externaltools.gnu-tools-for-stm32.9-2020-q2-update.win32_1.5.0.202011040924/tools/bin/../lib/gcc/arm-none-eabi/9.3.1/thumb/v7-m/nofp/crtbegin.o
                [!provide]                        PROVIDE (__fini_array_end = .)
                0x00000000080011d4                . = ALIGN (0x4)
                0x00000000080011d4                _sidata = LOADADDR (.data)

.data           0x0000000020000000        0xc load address 0x00000000080011d4
                0x0000000020000000                . = ALIGN (0x4)
                0x0000000020000000                _sdata = .
 *(.data)
 *(.data*)
 .data.SystemCoreClock
                0x0000000020000000        0x4 Core/Src/system_stm32f1xx.o
                0x0000000020000000                SystemCoreClock
 .data.uwTickPrio
                0x0000000020000004        0x4 Drivers/STM32F1xx_HAL_Driver/Src/stm32f1xx_hal.o
                0x0000000020000004                uwTickPrio
 .data.uwTickFreq
                0x0000000020000008        0x1 Drivers/STM32F1xx_HAL_Driver/Src/stm32f1xx_hal.o
                0x0000000020000008                uwTickFreq
 *(.RamFunc)
 *(.RamFunc*)
                0x000000002000000c                . = ALIGN (0x4)
 *fill*         0x0000000020000009        0x3 
                0x000000002000000c                _edata = .

.igot.plt       0x000000002000000c        0x0 load address 0x00000000080011e0
 .igot.plt      0x000000002000000c        0x0 c:/st/stm32cubeide_1.6.0/stm32cubeide/plugins/com.st.stm32cube.ide.mcu.externaltools.gnu-tools-for-stm32.9-2020-q2-update.win32_1.5.0.202011040924/tools/bin/../lib/gcc/arm-none-eabi/9.3.1/thumb/v7-m/nofp/crtbegin.o
                0x000000002000000c                . = ALIGN (0x4)

.bss            0x000000002000000c       0x50 load address 0x00000000080011e0
                0x000000002000000c                _sbss = .
                0x000000002000000c                __bss_start__ = _sbss
 *(.bss)
 .bss           0x000000002000000c       0x1c c:/st/stm32cubeide_1.6.0/stm32cubeide/plugins/com.st.stm32cube.ide.mcu.externaltools.gnu-tools-for-stm32.9-2020-q2-update.win32_1.5.0.202011040924/tools/bin/../lib/gcc/arm-none-eabi/9.3.1/thumb/v7-m/nofp/crtbegin.o
 *(.bss*)
 .bss.gp_dma_handles
                0x0000000020000028       0x1c Core/Lib/Driver/dma/hal_dma.o
 .bss.gp_tim_handles
                0x0000000020000044       0x14 Core/Lib/Driver/timer/hal_timer.o
 *(COMMON)
 COMMON         0x0000000020000058        0x4 Drivers/STM32F1xx_HAL_Driver/Src/stm32f1xx_hal.o
                0x0000000020000058                uwTick
                0x000000002000005c                . = ALIGN (0x4)
                0x000000002000005c                _ebss = .
                0x000000002000005c                __bss_end__ = _ebss

._user_heap_stack
                0x000000002000005c      0x604 load address 0x00000000080011e0
                0x0000000020000060                . = ALIGN (0x8)
 *fill*         0x000000002000005c        0x4 
                [!provide]                        PROVIDE (end = .)
                0x0000000020000060                PROVIDE (_end = .)
                0x0000000020000260                . = (. + _Min_Heap_Size)
 *fill*         0x0000000020000060      0x200 
                0x0000000020000660                . = (. + _Min_Stack_Size)
 *fill*         0x0000000020000260      0x400 
                0x0000000020000660                . = ALIGN (0x8)

/DISCARD/
 libc.a(*)
 libm.a(*)
 libgcc.a(*)

.ARM.attributes
                0x0000000000000000       0x29
 *(.ARM.attributes)
 .ARM.attributes
                0x0000000000000000       0x1d c:/st/stm32cubeide_1.6.0/stm32cubeide/plugins/com.st.stm32cube.ide.mcu.externaltools.gnu-tools-for-stm32.9-2020-q2-update.win32_1.5.0.202011040924/tools/bin/../lib/gcc/arm-none-eabi/9.3.1/thumb/v7-m/nofp/crti.o
 .ARM.attributes
                0x000000000000001d       0x2d c:/st/stm32cubeide_1.6.0/stm32cubeide/plugins/com.st.stm32cube.ide.mcu.externaltools.gnu-tools-for-stm32.9-2020-q2-update.win32_1.5.0.202011040924/tools/bin/../lib/gcc/arm-none-eabi/9.3.1/thumb/v7-m/nofp/crtbegin.o
 .ARM.attributes
                0x000000000000004a       0x2d Core/Lib/Driver/dma/hal_dma.o
 .ARM.attributes
                0x0000000000000077       0x2d Core/Lib/Driver/timer/hal_timer.o
 .ARM.attributes
                0x00000000000000a4       0x2d Core/Src/main.o
 .ARM.attributes
                0x00000000000000d1       0x2d Core/Src/stm32f1xx_hal_msp.o
 .ARM.attributes
                0x00000000000000fe       0x2d Core/Src/stm32f1xx_it.o
 .ARM.attributes
                0x000000000000012b       0x2d Core/Src/system_stm32f1xx.o
 .ARM.attributes
                0x0000000000000158       0x21 Core/Startup/startup_stm32f103c8tx.o
 .ARM.attributes
                0x0000000000000179       0x2d Drivers/STM32F1xx_HAL_Driver/Src/stm32f1xx_hal.o
 .ARM.attributes
                0x00000000000001a6       0x2d Drivers/STM32F1xx_HAL_Driver/Src/stm32f1xx_hal_cortex.o
 .ARM.attributes
                0x00000000000001d3       0x2d Drivers/STM32F1xx_HAL_Driver/Src/stm32f1xx_hal_rcc.o
 .ARM.attributes
                0x0000000000000200       0x2d c:/st/stm32cubeide_1.6.0/stm32cubeide/plugins/com.st.stm32cube.ide.mcu.externaltools.gnu-tools-for-stm32.9-2020-q2-update.win32_1.5.0.202011040924/tools/bin/../lib/gcc/arm-none-eabi/9.3.1/../../../../arm-none-eabi/lib/thumb/v7-m/nofp\libc_nano.a(lib_a-init.o)
 .ARM.attributes
                0x000000000000022d       0x2d c:/st/stm32cubeide_1.6.0/stm32cubeide/plugins/com.st.stm32cube.ide.mcu.externaltools.gnu-tools-for-stm32.9-2020-q2-update.win32_1.5.0.202011040924/tools/bin/../lib/gcc/arm-none-eabi/9.3.1/../../../../arm-none-eabi/lib/thumb/v7-m/nofp\libc_nano.a(lib_a-memset.o)
 .ARM.attributes
                0x000000000000025a       0x1d c:/st/stm32cubeide_1.6.0/stm32cubeide/plugins/com.st.stm32cube.ide.mcu.externaltools.gnu-tools-for-stm32.9-2020-q2-update.win32_1.5.0.202011040924/tools/bin/../lib/gcc/arm-none-eabi/9.3.1/thumb/v7-m/nofp/crtn.o
OUTPUT(EP_LLDriver.elf elf32-littlearm)
LOAD linker stubs
LOAD c:/st/stm32cubeide_1.6.0/stm32cubeide/plugins/com.st.stm32cube.ide.mcu.externaltools.gnu-tools-for-stm32.9-2020-q2-update.win32_1.5.0.202011040924/tools/bin/../lib/gcc/arm-none-eabi/9.3.1/../../../../arm-none-eabi/lib/thumb/v7-m/nofp\libc.a
LOAD c:/st/stm32cubeide_1.6.0/stm32cubeide/plugins/com.st.stm32cube.ide.mcu.externaltools.gnu-tools-for-stm32.9-2020-q2-update.win32_1.5.0.202011040924/tools/bin/../lib/gcc/arm-none-eabi/9.3.1/../../../../arm-none-eabi/lib/thumb/v7-m/nofp\libm.a
LOAD c:/st/stm32cubeide_1.6.0/stm32cubeide/plugins/com.st.stm32cube.ide.mcu.externaltools.gnu-tools-for-stm32.9-2020-q2-update.win32_1.5.0.202011040924/tools/bin/../lib/gcc/arm-none-eabi/9.3.1/thumb/v7-m/nofp\libgcc.a

.debug_info     0x0000000000000000     0x3b07
 .debug_info    0x0000000000000000      0x7c3 Core/Lib/Driver/dma/hal_dma.o
 .debug_info    0x00000000000007c3      0xb56 Core/Lib/Driver/timer/hal_timer.o
 .debug_info    0x0000000000001319      0x42f Core/Src/main.o
 .debug_info    0x0000000000001748      0x2f8 Core/Src/stm32f1xx_hal_msp.o
 .debug_info    0x0000000000001a40      0x21e Core/Src/stm32f1xx_it.o
 .debug_info    0x0000000000001c5e      0x2ba Core/Src/system_stm32f1xx.o
 .debug_info    0x0000000000001f18       0x22 Core/Startup/startup_stm32f103c8tx.o
 .debug_info    0x0000000000001f3a      0x766 Drivers/STM32F1xx_HAL_Driver/Src/stm32f1xx_hal.o
 .debug_info    0x00000000000026a0      0xbd8 Drivers/STM32F1xx_HAL_Driver/Src/stm32f1xx_hal_cortex.o
 .debug_info    0x0000000000003278      0x88f Drivers/STM32F1xx_HAL_Driver/Src/stm32f1xx_hal_rcc.o

.debug_abbrev   0x0000000000000000     0x1162
 .debug_abbrev  0x0000000000000000      0x27c Core/Lib/Driver/dma/hal_dma.o
 .debug_abbrev  0x000000000000027c      0x275 Core/Lib/Driver/timer/hal_timer.o
 .debug_abbrev  0x00000000000004f1      0x1c1 Core/Src/main.o
 .debug_abbrev  0x00000000000006b2      0x11a Core/Src/stm32f1xx_hal_msp.o
 .debug_abbrev  0x00000000000007cc       0xcf Core/Src/stm32f1xx_it.o
 .debug_abbrev  0x000000000000089b      0x14b Core/Src/system_stm32f1xx.o
 .debug_abbrev  0x00000000000009e6       0x12 Core/Startup/startup_stm32f103c8tx.o
 .debug_abbrev  0x00000000000009f8      0x1ea Drivers/STM32F1xx_HAL_Driver/Src/stm32f1xx_hal.o
 .debug_abbrev  0x0000000000000be2      0x310 Drivers/STM32F1xx_HAL_Driver/Src/stm32f1xx_hal_cortex.o
 .debug_abbrev  0x0000000000000ef2      0x270 Drivers/STM32F1xx_HAL_Driver/Src/stm32f1xx_hal_rcc.o

.debug_aranges  0x0000000000000000      0x528
 .debug_aranges
                0x0000000000000000       0xa0 Core/Lib/Driver/dma/hal_dma.o
 .debug_aranges
                0x00000000000000a0      0x110 Core/Lib/Driver/timer/hal_timer.o
 .debug_aranges
                0x00000000000001b0       0x38 Core/Src/main.o
 .debug_aranges
                0x00000000000001e8       0x20 Core/Src/stm32f1xx_hal_msp.o
 .debug_aranges
                0x0000000000000208       0x60 Core/Src/stm32f1xx_it.o
 .debug_aranges
                0x0000000000000268       0x28 Core/Src/system_stm32f1xx.o
 .debug_aranges
                0x0000000000000290       0x28 Core/Startup/startup_stm32f103c8tx.o
 .debug_aranges
                0x00000000000002b8       0xe0 Drivers/STM32F1xx_HAL_Driver/Src/stm32f1xx_hal.o
 .debug_aranges
                0x0000000000000398      0x100 Drivers/STM32F1xx_HAL_Driver/Src/stm32f1xx_hal_cortex.o
 .debug_aranges
                0x0000000000000498       0x90 Drivers/STM32F1xx_HAL_Driver/Src/stm32f1xx_hal_rcc.o

.debug_ranges   0x0000000000000000      0x490
 .debug_ranges  0x0000000000000000       0x90 Core/Lib/Driver/dma/hal_dma.o
 .debug_ranges  0x0000000000000090      0x100 Core/Lib/Driver/timer/hal_timer.o
 .debug_ranges  0x0000000000000190       0x28 Core/Src/main.o
 .debug_ranges  0x00000000000001b8       0x10 Core/Src/stm32f1xx_hal_msp.o
 .debug_ranges  0x00000000000001c8       0x50 Core/Src/stm32f1xx_it.o
 .debug_ranges  0x0000000000000218       0x18 Core/Src/system_stm32f1xx.o
 .debug_ranges  0x0000000000000230       0x20 Core/Startup/startup_stm32f103c8tx.o
 .debug_ranges  0x0000000000000250       0xd0 Drivers/STM32F1xx_HAL_Driver/Src/stm32f1xx_hal.o
 .debug_ranges  0x0000000000000320       0xf0 Drivers/STM32F1xx_HAL_Driver/Src/stm32f1xx_hal_cortex.o
 .debug_ranges  0x0000000000000410       0x80 Drivers/STM32F1xx_HAL_Driver/Src/stm32f1xx_hal_rcc.o

.debug_line     0x0000000000000000     0x37fa
 .debug_line    0x0000000000000000      0x780 Core/Lib/Driver/dma/hal_dma.o
 .debug_line    0x0000000000000780      0xccf Core/Lib/Driver/timer/hal_timer.o
 .debug_line    0x000000000000144f      0x3c2 Core/Src/main.o
 .debug_line    0x0000000000001811      0x297 Core/Src/stm32f1xx_hal_msp.o
 .debug_line    0x0000000000001aa8      0x335 Core/Src/stm32f1xx_it.o
 .debug_line    0x0000000000001ddd      0x32d Core/Src/system_stm32f1xx.o
 .debug_line    0x000000000000210a       0x86 Core/Startup/startup_stm32f103c8tx.o
 .debug_line    0x0000000000002190      0x562 Drivers/STM32F1xx_HAL_Driver/Src/stm32f1xx_hal.o
 .debug_line    0x00000000000026f2      0x742 Drivers/STM32F1xx_HAL_Driver/Src/stm32f1xx_hal_cortex.o
 .debug_line    0x0000000000002e34      0x9c6 Drivers/STM32F1xx_HAL_Driver/Src/stm32f1xx_hal_rcc.o

.debug_str      0x0000000000000000     0x1d98
 .debug_str     0x0000000000000000      0x79f Core/Lib/Driver/dma/hal_dma.o
                                        0x81b (size before relaxing)
 .debug_str     0x000000000000079f      0x692 Core/Lib/Driver/timer/hal_timer.o
                                        0x8e2 (size before relaxing)
 .debug_str     0x0000000000000e31      0x251 Core/Src/main.o
                                        0x42f (size before relaxing)
 .debug_str     0x0000000000001082       0x5a Core/Src/stm32f1xx_hal_msp.o
                                        0x2f2 (size before relaxing)
 .debug_str     0x00000000000010dc       0xab Core/Src/stm32f1xx_it.o
                                        0x2fd (size before relaxing)
 .debug_str     0x0000000000001187       0x58 Core/Src/system_stm32f1xx.o
                                        0x2e9 (size before relaxing)
 .debug_str     0x00000000000011df       0x36 Core/Startup/startup_stm32f103c8tx.o
                                         0x69 (size before relaxing)
 .debug_str     0x0000000000001215      0x545 Drivers/STM32F1xx_HAL_Driver/Src/stm32f1xx_hal.o
                                        0x821 (size before relaxing)
 .debug_str     0x000000000000175a      0x400 Drivers/STM32F1xx_HAL_Driver/Src/stm32f1xx_hal_cortex.o
                                        0x982 (size before relaxing)
 .debug_str     0x0000000000001b5a      0x23e Drivers/STM32F1xx_HAL_Driver/Src/stm32f1xx_hal_rcc.o
                                        0x68e (size before relaxing)

.comment        0x0000000000000000       0x53
 .comment       0x0000000000000000       0x53 Core/Lib/Driver/dma/hal_dma.o
                                         0x54 (size before relaxing)
 .comment       0x0000000000000053       0x54 Core/Lib/Driver/timer/hal_timer.o
 .comment       0x0000000000000053       0x54 Core/Src/main.o
 .comment       0x0000000000000053       0x54 Core/Src/stm32f1xx_hal_msp.o
 .comment       0x0000000000000053       0x54 Core/Src/stm32f1xx_it.o
 .comment       0x0000000000000053       0x54 Core/Src/system_stm32f1xx.o
 .comment       0x0000000000000053       0x54 Drivers/STM32F1xx_HAL_Driver/Src/stm32f1xx_hal.o
 .comment       0x0000000000000053       0x54 Drivers/STM32F1xx_HAL_Driver/Src/stm32f1xx_hal_cortex.o
 .comment       0x0000000000000053       0x54 Drivers/STM32F1xx_HAL_Driver/Src/stm32f1xx_hal_rcc.o

.debug_frame    0x0000000000000000     0x12bc
 .debug_frame   0x0000000000000000      0x254 Core/Lib/Driver/dma/hal_dma.o
 .debug_frame   0x0000000000000254      0x484 Core/Lib/Driver/timer/hal_timer.o
 .debug_frame   0x00000000000006d8       0x90 Core/Src/main.o
 .debug_frame   0x0000000000000768       0x38 Core/Src/stm32f1xx_hal_msp.o
 .debug_frame   0x00000000000007a0      0x104 Core/Src/stm32f1xx_it.o
 .debug_frame   0x00000000000008a4       0x58 Core/Src/system_stm32f1xx.o
 .debug_frame   0x00000000000008fc      0x334 Drivers/STM32F1xx_HAL_Driver/Src/stm32f1xx_hal.o
 .debug_frame   0x0000000000000c30      0x428 Drivers/STM32F1xx_HAL_Driver/Src/stm32f1xx_hal_cortex.o
 .debug_frame   0x0000000000001058      0x218 Drivers/STM32F1xx_HAL_Driver/Src/stm32f1xx_hal_rcc.o
 .debug_frame   0x0000000000001270       0x2c c:/st/stm32cubeide_1.6.0/stm32cubeide/plugins/com.st.stm32cube.ide.mcu.externaltools.gnu-tools-for-stm32.9-2020-q2-update.win32_1.5.0.202011040924/tools/bin/../lib/gcc/arm-none-eabi/9.3.1/../../../../arm-none-eabi/lib/thumb/v7-m/nofp\libc_nano.a(lib_a-init.o)
 .debug_frame   0x000000000000129c       0x20 c:/st/stm32cubeide_1.6.0/stm32cubeide/plugins/com.st.stm32cube.ide.mcu.externaltools.gnu-tools-for-stm32.9-2020-q2-update.win32_1.5.0.202011040924/tools/bin/../lib/gcc/arm-none-eabi/9.3.1/../../../../arm-none-eabi/lib/thumb/v7-m/nofp\libc_nano.a(lib_a-memset.o)
