Archive member included to satisfy reference by file (symbol)

D:/ST/STM32CubeIDE_1.19.0/STM32CubeIDE/plugins/com.st.stm32cube.ide.mcu.externaltools.gnu-tools-for-stm32.13.3.rel1.win32_1.0.0.202411081344/tools/bin/../lib/gcc/arm-none-eabi/13.3.1/../../../../arm-none-eabi/lib/thumb/v7-m/nofp\libc_nano.a(libc_a-exit.o)
                              D:/ST/STM32CubeIDE_1.19.0/STM32CubeIDE/plugins/com.st.stm32cube.ide.mcu.externaltools.gnu-tools-for-stm32.13.3.rel1.win32_1.0.0.202411081344/tools/bin/../lib/gcc/arm-none-eabi/13.3.1/../../../../arm-none-eabi/lib/thumb/v7-m/nofp/crt0.o (exit)
D:/ST/STM32CubeIDE_1.19.0/STM32CubeIDE/plugins/com.st.stm32cube.ide.mcu.externaltools.gnu-tools-for-stm32.13.3.rel1.win32_1.0.0.202411081344/tools/bin/../lib/gcc/arm-none-eabi/13.3.1/../../../../arm-none-eabi/lib/thumb/v7-m/nofp\libc_nano.a(libc_a-findfp.o)
                              D:/ST/STM32CubeIDE_1.19.0/STM32CubeIDE/plugins/com.st.stm32cube.ide.mcu.externaltools.gnu-tools-for-stm32.13.3.rel1.win32_1.0.0.202411081344/tools/bin/../lib/gcc/arm-none-eabi/13.3.1/../../../../arm-none-eabi/lib/thumb/v7-m/nofp\libc_nano.a(libc_a-exit.o) (__stdio_exit_handler)
D:/ST/STM32CubeIDE_1.19.0/STM32CubeIDE/plugins/com.st.stm32cube.ide.mcu.externaltools.gnu-tools-for-stm32.13.3.rel1.win32_1.0.0.202411081344/tools/bin/../lib/gcc/arm-none-eabi/13.3.1/../../../../arm-none-eabi/lib/thumb/v7-m/nofp\libc_nano.a(libc_a-fwalk.o)
                              D:/ST/STM32CubeIDE_1.19.0/STM32CubeIDE/plugins/com.st.stm32cube.ide.mcu.externaltools.gnu-tools-for-stm32.13.3.rel1.win32_1.0.0.202411081344/tools/bin/../lib/gcc/arm-none-eabi/13.3.1/../../../../arm-none-eabi/lib/thumb/v7-m/nofp\libc_nano.a(libc_a-findfp.o) (_fwalk_sglue)
D:/ST/STM32CubeIDE_1.19.0/STM32CubeIDE/plugins/com.st.stm32cube.ide.mcu.externaltools.gnu-tools-for-stm32.13.3.rel1.win32_1.0.0.202411081344/tools/bin/../lib/gcc/arm-none-eabi/13.3.1/../../../../arm-none-eabi/lib/thumb/v7-m/nofp\libc_nano.a(libc_a-stdio.o)
                              D:/ST/STM32CubeIDE_1.19.0/STM32CubeIDE/plugins/com.st.stm32cube.ide.mcu.externaltools.gnu-tools-for-stm32.13.3.rel1.win32_1.0.0.202411081344/tools/bin/../lib/gcc/arm-none-eabi/13.3.1/../../../../arm-none-eabi/lib/thumb/v7-m/nofp\libc_nano.a(libc_a-findfp.o) (__sread)
D:/ST/STM32CubeIDE_1.19.0/STM32CubeIDE/plugins/com.st.stm32cube.ide.mcu.externaltools.gnu-tools-for-stm32.13.3.rel1.win32_1.0.0.202411081344/tools/bin/../lib/gcc/arm-none-eabi/13.3.1/../../../../arm-none-eabi/lib/thumb/v7-m/nofp\libc_nano.a(libc_a-memset.o)
                              D:/ST/STM32CubeIDE_1.19.0/STM32CubeIDE/plugins/com.st.stm32cube.ide.mcu.externaltools.gnu-tools-for-stm32.13.3.rel1.win32_1.0.0.202411081344/tools/bin/../lib/gcc/arm-none-eabi/13.3.1/../../../../arm-none-eabi/lib/thumb/v7-m/nofp/crt0.o (memset)
D:/ST/STM32CubeIDE_1.19.0/STM32CubeIDE/plugins/com.st.stm32cube.ide.mcu.externaltools.gnu-tools-for-stm32.13.3.rel1.win32_1.0.0.202411081344/tools/bin/../lib/gcc/arm-none-eabi/13.3.1/../../../../arm-none-eabi/lib/thumb/v7-m/nofp\libc_nano.a(libc_a-closer.o)
                              D:/ST/STM32CubeIDE_1.19.0/STM32CubeIDE/plugins/com.st.stm32cube.ide.mcu.externaltools.gnu-tools-for-stm32.13.3.rel1.win32_1.0.0.202411081344/tools/bin/../lib/gcc/arm-none-eabi/13.3.1/../../../../arm-none-eabi/lib/thumb/v7-m/nofp\libc_nano.a(libc_a-stdio.o) (_close_r)
D:/ST/STM32CubeIDE_1.19.0/STM32CubeIDE/plugins/com.st.stm32cube.ide.mcu.externaltools.gnu-tools-for-stm32.13.3.rel1.win32_1.0.0.202411081344/tools/bin/../lib/gcc/arm-none-eabi/13.3.1/../../../../arm-none-eabi/lib/thumb/v7-m/nofp\libc_nano.a(libc_a-reent.o)
                              D:/ST/STM32CubeIDE_1.19.0/STM32CubeIDE/plugins/com.st.stm32cube.ide.mcu.externaltools.gnu-tools-for-stm32.13.3.rel1.win32_1.0.0.202411081344/tools/bin/../lib/gcc/arm-none-eabi/13.3.1/../../../../arm-none-eabi/lib/thumb/v7-m/nofp\libc_nano.a(libc_a-closer.o) (errno)
D:/ST/STM32CubeIDE_1.19.0/STM32CubeIDE/plugins/com.st.stm32cube.ide.mcu.externaltools.gnu-tools-for-stm32.13.3.rel1.win32_1.0.0.202411081344/tools/bin/../lib/gcc/arm-none-eabi/13.3.1/../../../../arm-none-eabi/lib/thumb/v7-m/nofp\libc_nano.a(libc_a-impure.o)
                              D:/ST/STM32CubeIDE_1.19.0/STM32CubeIDE/plugins/com.st.stm32cube.ide.mcu.externaltools.gnu-tools-for-stm32.13.3.rel1.win32_1.0.0.202411081344/tools/bin/../lib/gcc/arm-none-eabi/13.3.1/../../../../arm-none-eabi/lib/thumb/v7-m/nofp\libc_nano.a(libc_a-reent.o) (_impure_ptr)
D:/ST/STM32CubeIDE_1.19.0/STM32CubeIDE/plugins/com.st.stm32cube.ide.mcu.externaltools.gnu-tools-for-stm32.13.3.rel1.win32_1.0.0.202411081344/tools/bin/../lib/gcc/arm-none-eabi/13.3.1/../../../../arm-none-eabi/lib/thumb/v7-m/nofp\libc_nano.a(libc_a-lseekr.o)
[...]
Memory Configuration

Name             Origin             Length             Attributes
RAM              0x20000000         0x00005000         xrw
FLASH            0x08000000         0x00010000         xr
*default*        0x00000000         0xffffffff

Linker script and memory map

LOAD D:/ST/STM32CubeIDE_1.19.0/STM32CubeIDE/plugins/com.st.stm32cube.ide.mcu.externaltools.gnu-tools-for-stm32.13.3.rel1.win32_1.0.0.202411081344/tools/bin/../lib/gcc/arm-none-eabi/13.3.1/thumb/v7-m/nofp/crti.o
LOAD D:/ST/STM32CubeIDE_1.19.0/STM32CubeIDE/plugins/com.st.stm32cube.ide.mcu.externaltools.gnu-tools-for-stm32.13.3.rel1.win32_1.0.0.202411081344/tools/bin/../lib/gcc/arm-none-eabi/13.3.1/thumb/v7-m/nofp/crtbegin.o
LOAD D:/ST/STM32CubeIDE_1.19.0/STM32CubeIDE/plugins/com.st.stm32cube.ide.mcu.externaltools.gnu-tools-for-stm32.13.3.rel1.win32_1.0.0.202411081344/tools/bin/../lib/gcc/arm-none-eabi/13.3.1/../../../../arm-none-eabi/lib/thumb/v7-m/nofp/crt0.o
LOAD ./Core/Src/main.o
LOAD ./Core/Src/stm32f1xx_hal_msp.o
LOAD ./Core/Src/stm32f1xx_it.o
LOAD ./Core/Src/syscalls.o
LOAD ./Core/Src/sysmem.o
LOAD ./Core/Src/system_stm32f1xx.o
LOAD ./Core/Startup/startup_stm32f103c8tx.o
LOAD ./Drivers/STM32F1xx_HAL_Driver/Src/stm32f1xx_hal.o
LOAD ./Drivers/STM32F1xx_HAL_Driver/Src/stm32f1xx_hal_cortex.o
LOAD ./Drivers/STM32F1xx_HAL_Driver/Src/stm32f1xx_hal_dma.o
LOAD ./Drivers/STM32F1xx_HAL_Driver/Src/stm32f1xx_hal_exti.o
LOAD ./Drivers/STM32F1xx_HAL_Driver/Src/stm32f1xx_hal_flash.o
LOAD ./Drivers/STM32F1xx_HAL_Driver/Src/stm32f1xx_hal_flash_ex.o
LOAD ./Drivers/STM32F1xx_HAL_Driver/Src/stm32f1xx_hal_gpio.o
LOAD ./Drivers/STM32F1xx_HAL_Driver/Src/stm32f1xx_hal_gpio_ex.o
LOAD ./Drivers/STM32F1xx_HAL_Driver/Src/stm32f1xx_hal_pwr.o
LOAD ./Drivers/STM32F1xx_HAL_Driver/Src/stm32f1xx_hal_rcc.o
LOAD ./Drivers/STM32F1xx_HAL_Driver/Src/stm32f1xx_hal_rcc_ex.o
LOAD ./Lib/Driver/dma/hal_dma.o
LOAD ./Lib/Driver/gpio/hal_gpio.o
LOAD ./Lib/Driver/rcc/hal_clock.o
LOAD ./Lib/Driver/spi/hal_spi.o
LOAD ./Lib/Driver/timer/hal_timer.o
LOAD ./Lib/Driver/uart/hal_uart.o
START GROUP
LOAD D:/ST/STM32CubeIDE_1.19.0/STM32CubeIDE/plugins/com.st.stm32cube.ide.mcu.externaltools.gnu-tools-for-stm32.13.3.rel1.win32_1.0.0.202411081344/tools/bin/../lib/gcc/arm-none-eabi/13.3.1/../../../../arm-none-eabi/lib/thumb/v7-m/nofp\libc_nano.a
LOAD D:/ST/STM32CubeIDE_1.19.0/STM32CubeIDE/plugins/com.st.stm32cube.ide.mcu.externaltools.gnu-tools-for-stm32.13.3.rel1.win32_1.0.0.202411081344/tools/bin/../lib/gcc/arm-none-eabi/13.3.1/../../../../arm-none-eabi/lib/thumb/v7-m/nofp\libm.a
END GROUP
START GROUP
LOAD D:/ST/STM32CubeIDE_1.19.0/STM32CubeIDE/plugins/com.st.stm32cube.ide.mcu.externaltools.gnu-tools-for-stm32.13.3.rel1.win32_1.0.0.202411081344/tools/bin/../lib/gcc/arm-none-eabi/13.3.1/thumb/v7-m/nofp\libgcc.a
LOAD D:/ST/STM32CubeIDE_1.19.0/STM32CubeIDE/plugins/com.st.stm32cube.ide.mcu.externaltools.gnu-tools-for-stm32.13.3.rel1.win32_1.0.0.202411081344/tools/bin/../lib/gcc/arm-none-eabi/13.3.1/../../../../arm-none-eabi/lib/thumb/v7-m/nofp\libc_nano.a
END GROUP
START GROUP
LOAD D:/ST/STM32CubeIDE_1.19.0/STM32CubeIDE/plugins/com.st.stm32cube.ide.mcu.externaltools.gnu-tools-for-stm32.13.3.rel1.win32_1.0.0.202411081344/tools/bin/../lib/gcc/arm-none-eabi/13.3.1/thumb/v7-m/nofp\libgcc.a
LOAD D:/ST/STM32CubeIDE_1.19.0/STM32CubeIDE/plugins/com.st.stm32cube.ide.mcu.externaltools.gnu-tools-for-stm32.13.3.rel1.win32_1.0.0.202411081344/tools/bin/../lib/gcc/arm-none-eabi/13.3.1/../../../../arm-none-eabi/lib/thumb/v7-m/nofp\libc_nano.a
LOAD D:/ST/STM32CubeIDE_1.19.0/STM32CubeIDE/plugins/com.st.stm32cube.ide.mcu.externaltools.gnu-tools-for-stm32.13.3.rel1.win32_1.0.0.202411081344/tools/bin/../lib/gcc/arm-none-eabi/13.3.1/../../../../arm-none-eabi/lib/thumb/v7-m/nofp\libnosys.a
END GROUP
START GROUP
LOAD D:/ST/STM32CubeIDE_1.19.0/STM32CubeIDE/plugins/com.st.stm32cube.ide.mcu.externaltools.gnu-tools-for-stm32.13.3.rel1.win32_1.0.0.202411081344/tools/bin/../lib/gcc/arm-none-eabi/13.3.1/thumb/v7-m/nofp\libgcc.a
LOAD D:/ST/STM32CubeIDE_1.19.0/STM32CubeIDE/plugins/com.st.stm32cube.ide.mcu.externaltools.gnu-tools-for-stm32.13.3.rel1.win32_1.0.0.202411081344/tools/bin/../lib/gcc/arm-none-eabi/13.3.1/../../../../arm-none-eabi/lib/thumb/v7-m/nofp\libc_nano.a
LOAD D:/ST/STM32CubeIDE_1.19.0/STM32CubeIDE/plugins/com.st.stm32cube.ide.mcu.externaltools.gnu-tools-for-stm32.13.3.rel1.win32_1.0.0.202411081344/tools/bin/../lib/gcc/arm-none-eabi/13.3.1/../../../../arm-none-eabi/lib/thumb/v7-m/nofp\libnosys.a
END GROUP
LOAD D:/ST/STM32CubeIDE_1.19.0/STM32CubeIDE/plugins/com.st.stm32cube.ide.mcu.externaltools.gnu-tools-for-stm32.13.3.rel1.win32_1.0.0.202411081344/tools/bin/../lib/gcc/arm-none-eabi/13.3.1/thumb/v7-m/nofp/crtend.o
LOAD D:/ST/STM32CubeIDE_1.19.0/STM32CubeIDE/plugins/com.st.stm32cube.ide.mcu.externaltools.gnu-tools-for-stm32.13.3.rel1.win32_1.0.0.202411081344/tools/bin/../lib/gcc/arm-none-eabi/13.3.1/thumb/v7-m/nofp/crtn.o
                0x20005000                        _estack = (ORIGIN (RAM) + LENGTH (RAM))
                0x00000200                        _Min_Heap_Size = 0x200
                0x00000400                        _Min_Stack_Size = 0x400

.isr_vector     0x08000000      0x10c
                0x08000000                        . = ALIGN (0x4)
 *(.isr_vector)
 .isr_vector    0x08000000      0x10c ./Core/Startup/startup_stm32f103c8tx.o
                0x08000000                g_pfnVectors
                0x0800010c                        . = ALIGN (0x4)

.text           0x0800010c     0x1a6c
                0x0800010c                        . = ALIGN (0x4)
 *(.text)
 .text          0x0800010c       0x40 D:/ST/STM32CubeIDE_1.19.0/STM32CubeIDE/plugins/com.st.stm32cube.ide.mcu.externaltools.gnu-tools-for-stm32.13.3.rel1.win32_1.0.0.202411081344/tools/bin/../lib/gcc/arm-none-eabi/13.3.1/thumb/v7-m/nofp/crtbegin.o
 *(.text*)
 .text.__NVIC_EnableIRQ
                0x0800014c       0x38 ./Core/Src/main.o
 .text.__NVIC_SetPriority
                0x08000184       0x54 ./Core/Src/main.o
 .text.delay_ms
                0x080001d8       0x30 ./Core/Src/main.o
 .text.Test_GPIO_Output_Init
                0x08000208       0x40 ./Core/Src/main.o
 .text.Test_GPIO_Input_Init
                0x08000248       0x3c ./Core/Src/main.o
 .text.Test_GPIO_Lock
                0x08000284       0x44 ./Core/Src/main.o
 .text.Test_GPIO_EXTI_Init
                0x080002c8       0x4c ./Core/Src/main.o
 .text.main     0x08000314       0xc8 ./Core/Src/main.o
                0x08000314                main
 .text.SystemClock_Config
                0x080003dc       0x8a ./Core/Src/main.o
                0x080003dc                SystemClock_Config
 *fill*         0x08000466        0x2 
 .text.MX_GPIO_Init
                0x08000468       0x44 ./Core/Src/main.o
 .text.HAL_IncTick
                0x080004ac       0x1c ./Core/Src/main.o
                0x080004ac                HAL_IncTick
 .text.EXTI0_IRQHandler
                0x080004c8        0xe ./Core/Src/main.o
                0x080004c8                EXTI0_IRQHandler
 *fill*         0x080004d6        0x2 
 .text.GPIO_EXTI_Callback_t
                0x080004d8       0x24 ./Core/Src/main.o
                0x080004d8                GPIO_EXTI_Callback_t
 .text.Error_Handler
                0x080004fc        0xc ./Core/Src/main.o
                0x080004fc                Error_Handler
 .text.HAL_MspInit
                0x08000508       0x64 ./Core/Src/stm32f1xx_hal_msp.o
                0x08000508                HAL_MspInit
 .text.NMI_Handler
                0x0800056c        0x8 ./Core/Src/stm32f1xx_it.o
                0x0800056c                NMI_Handler
 .text.HardFault_Handler
                0x08000574        0x8 ./Core/Src/stm32f1xx_it.o
                0x08000574                HardFault_Handler
 .text.MemManage_Handler
                0x0800057c        0x8 ./Core/Src/stm32f1xx_it.o
                0x0800057c                MemManage_Handler
 .text.BusFault_Handler
                0x08000584        0x8 ./Core/Src/stm32f1xx_it.o
                0x08000584                BusFault_Handler
 .text.UsageFault_Handler
                0x0800058c        0x8 ./Core/Src/stm32f1xx_it.o
                0x0800058c                UsageFault_Handler
 .text.SVC_Handler
                0x08000594        0xc ./Core/Src/stm32f1xx_it.o
                0x08000594                SVC_Handler
 .text.DebugMon_Handler
                0x080005a0        0xc ./Core/Src/stm32f1xx_it.o
                0x080005a0                DebugMon_Handler
 .text.PendSV_Handler
                0x080005ac        0xc ./Core/Src/stm32f1xx_it.o
                0x080005ac                PendSV_Handler
 .text.SysTick_Handler
                0x080005b8        0xc ./Core/Src/stm32f1xx_it.o
                0x080005b8                SysTick_Handler
 .text.SystemInit
                0x080005c4        0xc ./Core/Src/system_stm32f1xx.o
                0x080005c4                SystemInit
 .text.Reset_Handler
                0x080005d0       0x48 ./Core/Startup/startup_stm32f103c8tx.o
                0x080005d0                Reset_Handler
 .text.Default_Handler
                0x08000618        0x2 ./Core/Startup/startup_stm32f103c8tx.o
                0x08000618                RTC_Alarm_IRQHandler
                0x08000618                EXTI2_IRQHandler
                0x08000618                PVD_IRQHandler
                0x08000618                EXTI3_IRQHandler
                0x08000618                I2C2_EV_IRQHandler
                0x08000618                ADC1_2_IRQHandler
                0x08000618                SPI1_IRQHandler
                0x08000618                TAMPER_IRQHandler
                0x08000618                USART3_IRQHandler
                0x08000618                RTC_IRQHandler
                0x08000618                CAN1_RX1_IRQHandler
                0x08000618                I2C1_EV_IRQHandler
                0x08000618                RCC_IRQHandler
                0x08000618                TIM1_TRG_COM_IRQHandler
                0x08000618                Default_Handler
                0x08000618                EXTI15_10_IRQHandler
                0x08000618                EXTI9_5_IRQHandler
                0x08000618                SPI2_IRQHandler
                0x08000618                EXTI4_IRQHandler
                0x08000618                USB_LP_CAN1_RX0_IRQHandler
                0x08000618                USB_HP_CAN1_TX_IRQHandler
                0x08000618                WWDG_IRQHandler
                0x08000618                TIM1_BRK_IRQHandler
                0x08000618                EXTI1_IRQHandler
                0x08000618                USART2_IRQHandler
                0x08000618                I2C2_ER_IRQHandler
                0x08000618                CAN1_SCE_IRQHandler
                0x08000618                FLASH_IRQHandler
                0x08000618                USART1_IRQHandler
                0x08000618                I2C1_ER_IRQHandler
                0x08000618                USBWakeUp_IRQHandler
 *fill*         0x0800061a        0x2 
 .text.HAL_Init
                0x0800061c       0x2c ./Drivers/STM32F1xx_HAL_Driver/Src/stm32f1xx_hal.o
                0x0800061c                HAL_Init
 .text.HAL_InitTick
                0x08000648       0x60 ./Drivers/STM32F1xx_HAL_Driver/Src/stm32f1xx_hal.o
                0x08000648                HAL_InitTick
 .text.HAL_GetTick
                0x080006a8       0x14 ./Drivers/STM32F1xx_HAL_Driver/Src/stm32f1xx_hal.o
                0x080006a8                HAL_GetTick
 .text.__NVIC_SetPriorityGrouping
                0x080006bc       0x48 ./Drivers/STM32F1xx_HAL_Driver/Src/stm32f1xx_hal_cortex.o
 .text.__NVIC_GetPriorityGrouping
                0x08000704       0x1c ./Drivers/STM32F1xx_HAL_Driver/Src/stm32f1xx_hal_cortex.o
 .text.__NVIC_SetPriority
                0x08000720       0x54 ./Drivers/STM32F1xx_HAL_Driver/Src/stm32f1xx_hal_cortex.o
 .text.NVIC_EncodePriority
                0x08000774       0x64 ./Drivers/STM32F1xx_HAL_Driver/Src/stm32f1xx_hal_cortex.o
 .text.SysTick_Config
                0x080007d8       0x44 ./Drivers/STM32F1xx_HAL_Driver/Src/stm32f1xx_hal_cortex.o
 .text.HAL_NVIC_SetPriorityGrouping
                0x0800081c       0x16 ./Drivers/STM32F1xx_HAL_Driver/Src/stm32f1xx_hal_cortex.o
                0x0800081c                HAL_NVIC_SetPriorityGrouping
 .text.HAL_NVIC_SetPriority
                0x08000832       0x38 ./Drivers/STM32F1xx_HAL_Driver/Src/stm32f1xx_hal_cortex.o
                0x08000832                HAL_NVIC_SetPriority
 .text.HAL_SYSTICK_Config
                0x0800086a       0x18 ./Drivers/STM32F1xx_HAL_Driver/Src/stm32f1xx_hal_cortex.o
                0x0800086a                HAL_SYSTICK_Config
 *fill*         0x08000882        0x2 
 .text.HAL_RCC_OscConfig
                0x08000884      0x504 ./Drivers/STM32F1xx_HAL_Driver/Src/stm32f1xx_hal_rcc.o
                0x08000884                HAL_RCC_OscConfig
 .text.HAL_RCC_ClockConfig
                0x08000d88      0x1d4 ./Drivers/STM32F1xx_HAL_Driver/Src/stm32f1xx_hal_rcc.o
                0x08000d88                HAL_RCC_ClockConfig
 .text.HAL_RCC_GetSysClockFreq
                0x08000f5c       0xa8 ./Drivers/STM32F1xx_HAL_Driver/Src/stm32f1xx_hal_rcc.o
                0x08000f5c                HAL_RCC_GetSysClockFreq
 .text.RCC_Delay
                0x08001004       0x3c ./Drivers/STM32F1xx_HAL_Driver/Src/stm32f1xx_hal_rcc.o
 .text.prv_DMA_GetChannelIndex
                0x08001040       0x84 ./Lib/Driver/dma/hal_dma.o
 .text.DMAx_IRQHandler
                0x080010c4       0xe8 ./Lib/Driver/dma/hal_dma.o
                0x080010c4                DMAx_IRQHandler
 .text.DMA1_Channel1_IRQHandler
                0x080011ac       0x20 ./Lib/Driver/dma/hal_dma.o
                0x080011ac                DMA1_Channel1_IRQHandler
 .text.DMA1_Channel2_IRQHandler
                0x080011cc       0x20 ./Lib/Driver/dma/hal_dma.o
                0x080011cc                DMA1_Channel2_IRQHandler
 .text.DMA1_Channel3_IRQHandler
                0x080011ec       0x20 ./Lib/Driver/dma/hal_dma.o
                0x080011ec                DMA1_Channel3_IRQHandler
 .text.DMA1_Channel4_IRQHandler
                0x0800120c       0x20 ./Lib/Driver/dma/hal_dma.o
                0x0800120c                DMA1_Channel4_IRQHandler
 .text.DMA1_Channel5_IRQHandler
                0x0800122c       0x20 ./Lib/Driver/dma/hal_dma.o
                0x0800122c                DMA1_Channel5_IRQHandler
 .text.DMA1_Channel6_IRQHandler
                0x0800124c       0x20 ./Lib/Driver/dma/hal_dma.o
                0x0800124c                DMA1_Channel6_IRQHandler
 .text.DMA1_Channel7_IRQHandler
                0x0800126c       0x20 ./Lib/Driver/dma/hal_dma.o
                0x0800126c                DMA1_Channel7_IRQHandler
 .text.GPIO_Init_t
                0x0800128c      0x314 ./Lib/Driver/gpio/hal_gpio.o
                0x0800128c                GPIO_Init_t
 .text.GPIO_WritePin_t
                0x080015a0       0x2e ./Lib/Driver/gpio/hal_gpio.o
                0x080015a0                GPIO_WritePin_t
 .text.GPIO_Toggle_t
                0x080015ce       0x32 ./Lib/Driver/gpio/hal_gpio.o
                0x080015ce                GPIO_Toggle_t
 .text.GPIO_ReadPin_t
                0x08001600       0x28 ./Lib/Driver/gpio/hal_gpio.o
                0x08001600                GPIO_ReadPin_t
 .text.GPIO_LockPin_t
                0x08001628       0x54 ./Lib/Driver/gpio/hal_gpio.o
                0x08001628                GPIO_LockPin_t
 .text.GPIO_EXTI_IRQHandler_t
                0x0800167c       0x30 ./Lib/Driver/gpio/hal_gpio.o
                0x0800167c                GPIO_EXTI_IRQHandler_t
 .text.HALx_SYSTICK_Config
                0x080016ac       0x34 ./Lib/Driver/rcc/hal_clock.o
                0x080016ac                HALx_SYSTICK_Config
 .text.HAL_CLOCK_ConfigHSE
                0x080016e0      0x17c ./Lib/Driver/rcc/hal_clock.o
                0x080016e0                HAL_CLOCK_ConfigHSE
 .text.HAL_CLOCK_DeInit
                0x0800185c       0x8c ./Lib/Driver/rcc/hal_clock.o
                0x0800185c                HAL_CLOCK_DeInit
 .text.HAL_CLOCK_AHB_Peripheral_Enable
                0x080018e8       0x24 ./Lib/Driver/rcc/hal_clock.o
                0x080018e8                HAL_CLOCK_AHB_Peripheral_Enable
 .text.HAL_CLOCK_AHB_Peripheral_Disable
                0x0800190c       0x28 ./Lib/Driver/rcc/hal_clock.o
                0x0800190c                HAL_CLOCK_AHB_Peripheral_Disable
 .text.HAL_CLOCK_APB2_Peripheral_Enable
                0x08001934       0x24 ./Lib/Driver/rcc/hal_clock.o
                0x08001934                HAL_CLOCK_APB2_Peripheral_Enable
 .text.HAL_CLOCK_APB1_Peripheral_Enable
                0x08001958       0x24 ./Lib/Driver/rcc/hal_clock.o
                0x08001958                HAL_CLOCK_APB1_Peripheral_Enable
 .text.HAL_CLOCK_APB1_Peripheral_Disable
                0x0800197c       0x28 ./Lib/Driver/rcc/hal_clock.o
                0x0800197c                HAL_CLOCK_APB1_Peripheral_Disable
 .text.HAL_TIM_IRQHandler
                0x080019a4       0xa0 ./Lib/Driver/timer/hal_timer.o
                0x080019a4                HAL_TIM_IRQHandler
 .text.HALx_TIM_PeriodElapsedCallback
                0x08001a44       0x12 ./Lib/Driver/timer/hal_timer.o
                0x08001a44                HALx_TIM_PeriodElapsedCallback
 .text.HALx_TIM_IC_CaptureCallback
                0x08001a56       0x12 ./Lib/Driver/timer/hal_timer.o
                0x08001a56                HALx_TIM_IC_CaptureCallback
 .text.TIM1_UP_IRQHandler
                0x08001a68       0x20 ./Lib/Driver/timer/hal_timer.o
                0x08001a68                TIM1_UP_IRQHandler
 .text.TIM1_CC_IRQHandler
                0x08001a88       0x20 ./Lib/Driver/timer/hal_timer.o
                0x08001a88                TIM1_CC_IRQHandler
 .text.TIM2_IRQHandler
                0x08001aa8       0x20 ./Lib/Driver/timer/hal_timer.o
                0x08001aa8                TIM2_IRQHandler
 .text.TIM3_IRQHandler
                0x08001ac8       0x20 ./Lib/Driver/timer/hal_timer.o
                0x08001ac8                TIM3_IRQHandler
 .text.TIM4_IRQHandler
                0x08001ae8       0x20 ./Lib/Driver/timer/hal_timer.o
                0x08001ae8                TIM4_IRQHandler
 .text.memset   0x08001b08       0x10 D:/ST/STM32CubeIDE_1.19.0/STM32CubeIDE/plugins/com.st.stm32cube.ide.mcu.externaltools.gnu-tools-for-stm32.13.3.rel1.win32_1.0.0.202411081344/tools/bin/../lib/gcc/arm-none-eabi/13.3.1/../../../../arm-none-eabi/lib/thumb/v7-m/nofp\libc_nano.a(libc_a-memset.o)
                0x08001b08                memset
 .text.__libc_init_array
                0x08001b18       0x48 D:/ST/STM32CubeIDE_1.19.0/STM32CubeIDE/plugins/com.st.stm32cube.ide.mcu.externaltools.gnu-tools-for-stm32.13.3.rel1.win32_1.0.0.202411081344/tools/bin/../lib/gcc/arm-none-eabi/13.3.1/../../../../arm-none-eabi/lib/thumb/v7-m/nofp\libc_nano.a(libc_a-init.o)
                0x08001b18                __libc_init_array
 *(.glue_7)
 .glue_7        0x08001b60        0x0 linker stubs
 *(.glue_7t)
 .glue_7t       0x08001b60        0x0 linker stubs
 *(.eh_frame)
 .eh_frame      0x08001b60        0x0 D:/ST/STM32CubeIDE_1.19.0/STM32CubeIDE/plugins/com.st.stm32cube.ide.mcu.externaltools.gnu-tools-for-stm32.13.3.rel1.win32_1.0.0.202411081344/tools/bin/../lib/gcc/arm-none-eabi/13.3.1/thumb/v7-m/nofp/crtbegin.o
 *(.init)
 .init          0x08001b60        0x4 D:/ST/STM32CubeIDE_1.19.0/STM32CubeIDE/plugins/com.st.stm32cube.ide.mcu.externaltools.gnu-tools-for-stm32.13.3.rel1.win32_1.0.0.202411081344/tools/bin/../lib/gcc/arm-none-eabi/13.3.1/thumb/v7-m/nofp/crti.o
                0x08001b60                _init
 .init          0x08001b64        0x8 D:/ST/STM32CubeIDE_1.19.0/STM32CubeIDE/plugins/com.st.stm32cube.ide.mcu.externaltools.gnu-tools-for-stm32.13.3.rel1.win32_1.0.0.202411081344/tools/bin/../lib/gcc/arm-none-eabi/13.3.1/thumb/v7-m/nofp/crtn.o
 *(.fini)
 .fini          0x08001b6c        0x4 D:/ST/STM32CubeIDE_1.19.0/STM32CubeIDE/plugins/com.st.stm32cube.ide.mcu.externaltools.gnu-tools-for-stm32.13.3.rel1.win32_1.0.0.202411081344/tools/bin/../lib/gcc/arm-none-eabi/13.3.1/thumb/v7-m/nofp/crti.o
                0x08001b6c                _fini
 .fini          0x08001b70        0x8 D:/ST/STM32CubeIDE_1.19.0/STM32CubeIDE/plugins/com.st.stm32cube.ide.mcu.externaltools.gnu-tools-for-stm32.13.3.rel1.win32_1.0.0.202411081344/tools/bin/../lib/gcc/arm-none-eabi/13.3.1/thumb/v7-m/nofp/crtn.o
                0x08001b78                        . = ALIGN (0x4)
                0x08001b78                        _etext = .

.vfp11_veneer   0x08001b78        0x0
 .vfp11_veneer  0x08001b78        0x0 linker stubs

.v4_bx          0x08001b78        0x0
 .v4_bx         0x08001b78        0x0 linker stubs

.iplt           0x08001b78        0x0
 .iplt          0x08001b78        0x0 D:/ST/STM32CubeIDE_1.19.0/STM32CubeIDE/plugins/com.st.stm32cube.ide.mcu.externaltools.gnu-tools-for-stm32.13.3.rel1.win32_1.0.0.202411081344/tools/bin/../lib/gcc/arm-none-eabi/13.3.1/thumb/v7-m/nofp/crtbegin.o

.rodata         0x08001b78       0x24
                0x08001b78                        . = ALIGN (0x4)
 *(.rodata)
 *(.rodata*)
 .rodata.AHBPrescTable
                0x08001b78       0x10 ./Core/Src/system_stm32f1xx.o
                0x08001b78                AHBPrescTable
 .rodata.aPLLMULFactorTable.1
                0x08001b88       0x10 ./Drivers/STM32F1xx_HAL_Driver/Src/stm32f1xx_hal_rcc.o
 .rodata.aPredivFactorTable.0
                0x08001b98        0x2 ./Drivers/STM32F1xx_HAL_Driver/Src/stm32f1xx_hal_rcc.o
                0x08001b9c                        . = ALIGN (0x4)
 *fill*         0x08001b9a        0x2 

.ARM.extab      0x08001b9c        0x0
                0x08001b9c                        . = ALIGN (0x4)
 *(.ARM.extab* .gnu.linkonce.armextab.*)
                0x08001b9c                        . = ALIGN (0x4)

.ARM            0x08001b9c        0x0
                0x08001b9c                        . = ALIGN (0x4)
                0x08001b9c                        __exidx_start = .
 *(.ARM.exidx*)
                0x08001b9c                        __exidx_end = .
                0x08001b9c                        . = ALIGN (0x4)

.preinit_array  0x08001b9c        0x0
                0x08001b9c                        . = ALIGN (0x4)
                0x08001b9c                        PROVIDE (__preinit_array_start = .)
 *(.preinit_array*)
                0x08001b9c                        PROVIDE (__preinit_array_end = .)
                0x08001b9c                        . = ALIGN (0x4)

.init_array     0x08001b9c        0x4
                0x08001b9c                        . = ALIGN (0x4)
                0x08001b9c                        PROVIDE (__init_array_start = .)
 *(SORT_BY_NAME(.init_array.*))
 *(.init_array*)
 .init_array    0x08001b9c        0x4 D:/ST/STM32CubeIDE_1.19.0/STM32CubeIDE/plugins/com.st.stm32cube.ide.mcu.externaltools.gnu-tools-for-stm32.13.3.rel1.win32_1.0.0.202411081344/tools/bin/../lib/gcc/arm-none-eabi/13.3.1/thumb/v7-m/nofp/crtbegin.o
                0x08001ba0                        PROVIDE (__init_array_end = .)
                0x08001ba0                        . = ALIGN (0x4)

.fini_array     0x08001ba0        0x4
                0x08001ba0                        . = ALIGN (0x4)
                [!provide]                        PROVIDE (__fini_array_start = .)
 *(SORT_BY_NAME(.fini_array.*))
 *(.fini_array*)
 .fini_array    0x08001ba0        0x4 D:/ST/STM32CubeIDE_1.19.0/STM32CubeIDE/plugins/com.st.stm32cube.ide.mcu.externaltools.gnu-tools-for-stm32.13.3.rel1.win32_1.0.0.202411081344/tools/bin/../lib/gcc/arm-none-eabi/13.3.1/thumb/v7-m/nofp/crtbegin.o
                [!provide]                        PROVIDE (__fini_array_end = .)
                0x08001ba4                        . = ALIGN (0x4)
                0x08001ba4                        _sidata = LOADADDR (.data)

.rel.dyn        0x08001ba4        0x0
 .rel.iplt      0x08001ba4        0x0 D:/ST/STM32CubeIDE_1.19.0/STM32CubeIDE/plugins/com.st.stm32cube.ide.mcu.externaltools.gnu-tools-for-stm32.13.3.rel1.win32_1.0.0.202411081344/tools/bin/../lib/gcc/arm-none-eabi/13.3.1/thumb/v7-m/nofp/crtbegin.o

.data           0x20000000       0x10 load address 0x08001ba4
                0x20000000                        . = ALIGN (0x4)
                0x20000000                        _sdata = .
 *(.data)
 *(.data*)
 .data.SystemCoreClock
                0x20000000        0x4 ./Core/Src/system_stm32f1xx.o
                0x20000000                SystemCoreClock
 .data.uwTickPrio
                0x20000004        0x4 ./Drivers/STM32F1xx_HAL_Driver/Src/stm32f1xx_hal.o
                0x20000004                uwTickPrio
 .data.uwTickFreq
                0x20000008        0x1 ./Drivers/STM32F1xx_HAL_Driver/Src/stm32f1xx_hal.o
                0x20000008                uwTickFreq
 *fill*         0x20000009        0x3 
 .data.sysCoreClock
                0x2000000c        0x4 ./Lib/Driver/rcc/hal_clock.o
                0x2000000c                sysCoreClock
 *(.RamFunc)
 *(.RamFunc*)
                0x20000010                        . = ALIGN (0x4)
                0x20000010                        _edata = .

.igot.plt       0x20000010        0x0 load address 0x08001bb4
 .igot.plt      0x20000010        0x0 D:/ST/STM32CubeIDE_1.19.0/STM32CubeIDE/plugins/com.st.stm32cube.ide.mcu.externaltools.gnu-tools-for-stm32.13.3.rel1.win32_1.0.0.202411081344/tools/bin/../lib/gcc/arm-none-eabi/13.3.1/thumb/v7-m/nofp/crtbegin.o
                0x20000010                        . = ALIGN (0x4)

.bss            0x20000010       0x54 load address 0x08001bb4
                0x20000010                        _sbss = .
                0x20000010                        __bss_start__ = _sbss
 *(.bss)
 .bss           0x20000010       0x1c D:/ST/STM32CubeIDE_1.19.0/STM32CubeIDE/plugins/com.st.stm32cube.ide.mcu.externaltools.gnu-tools-for-stm32.13.3.rel1.win32_1.0.0.202411081344/tools/bin/../lib/gcc/arm-none-eabi/13.3.1/thumb/v7-m/nofp/crtbegin.o
 *(.bss*)
 .bss.ms_ticks  0x2000002c        0x4 ./Core/Src/main.o
 .bss.uwTick    0x20000030        0x4 ./Drivers/STM32F1xx_HAL_Driver/Src/stm32f1xx_hal.o
                0x20000030                uwTick
 .bss.gp_dma_handles
                0x20000034       0x1c ./Lib/Driver/dma/hal_dma.o
 .bss.gp_tim_handles
                0x20000050       0x14 ./Lib/Driver/timer/hal_timer.o
 *(COMMON)
                0x20000064                        . = ALIGN (0x4)
                0x20000064                        _ebss = .
                0x20000064                        __bss_end__ = _ebss

._user_heap_stack
                0x20000064      0x604 load address 0x08001bb4
                0x20000068                        . = ALIGN (0x8)
 *fill*         0x20000064        0x4 
                [!provide]                        PROVIDE (end = .)
                0x20000068                        PROVIDE (_end = .)
                0x20000268                        . = (. + _Min_Heap_Size)
 *fill*         0x20000068      0x200 
                0x20000668                        . = (. + _Min_Stack_Size)
 *fill*         0x20000268      0x400 
                0x20000668                        . = ALIGN (0x8)

/DISCARD/
 libc.a(*)
 libm.a(*)
 libgcc.a(*)

.ARM.attributes
                0x00000000       0x29
 *(.ARM.attributes)
 .ARM.attributes
                0x00000000       0x1d D:/ST/STM32CubeIDE_1.19.0/STM32CubeIDE/plugins/com.st.stm32cube.ide.mcu.externaltools.gnu-tools-for-stm32.13.3.rel1.win32_1.0.0.202411081344/tools/bin/../lib/gcc/arm-none-eabi/13.3.1/thumb/v7-m/nofp/crti.o
 .ARM.attributes
                0x0000001d       0x2d D:/ST/STM32CubeIDE_1.19.0/STM32CubeIDE/plugins/com.st.stm32cube.ide.mcu.externaltools.gnu-tools-for-stm32.13.3.rel1.win32_1.0.0.202411081344/tools/bin/../lib/gcc/arm-none-eabi/13.3.1/thumb/v7-m/nofp/crtbegin.o
 .ARM.attributes
                0x0000004a       0x2d ./Core/Src/main.o
 .ARM.attributes
                0x00000077       0x2d ./Core/Src/stm32f1xx_hal_msp.o
 .ARM.attributes
                0x000000a4       0x2d ./Core/Src/stm32f1xx_it.o
 .ARM.attributes
                0x000000d1       0x2d ./Core/Src/system_stm32f1xx.o
 .ARM.attributes
                0x000000fe       0x21 ./Core/Startup/startup_stm32f103c8tx.o
 .ARM.attributes
                0x0000011f       0x2d ./Drivers/STM32F1xx_HAL_Driver/Src/stm32f1xx_hal.o
 .ARM.attributes
                0x0000014c       0x2d ./Drivers/STM32F1xx_HAL_Driver/Src/stm32f1xx_hal_cortex.o
 .ARM.attributes
                0x00000179       0x2d ./Drivers/STM32F1xx_HAL_Driver/Src/stm32f1xx_hal_rcc.o
 .ARM.attributes
                0x000001a6       0x2d ./Lib/Driver/dma/hal_dma.o
 .ARM.attributes
                0x000001d3       0x2d ./Lib/Driver/gpio/hal_gpio.o
 .ARM.attributes
                0x00000200       0x2d ./Lib/Driver/rcc/hal_clock.o
 .ARM.attributes
                0x0000022d       0x2d ./Lib/Driver/timer/hal_timer.o
 .ARM.attributes
                0x0000025a       0x2d D:/ST/STM32CubeIDE_1.19.0/STM32CubeIDE/plugins/com.st.stm32cube.ide.mcu.externaltools.gnu-tools-for-stm32.13.3.rel1.win32_1.0.0.202411081344/tools/bin/../lib/gcc/arm-none-eabi/13.3.1/../../../../arm-none-eabi/lib/thumb/v7-m/nofp\libc_nano.a(libc_a-memset.o)
 .ARM.attributes
                0x00000287       0x2d D:/ST/STM32CubeIDE_1.19.0/STM32CubeIDE/plugins/com.st.stm32cube.ide.mcu.externaltools.gnu-tools-for-stm32.13.3.rel1.win32_1.0.0.202411081344/tools/bin/../lib/gcc/arm-none-eabi/13.3.1/../../../../arm-none-eabi/lib/thumb/v7-m/nofp\libc_nano.a(libc_a-init.o)
 .ARM.attributes
                0x000002b4       0x1d D:/ST/STM32CubeIDE_1.19.0/STM32CubeIDE/plugins/com.st.stm32cube.ide.mcu.externaltools.gnu-tools-for-stm32.13.3.rel1.win32_1.0.0.202411081344/tools/bin/../lib/gcc/arm-none-eabi/13.3.1/thumb/v7-m/nofp/crtn.o
OUTPUT(TESTF1.elf elf32-littlearm)
LOAD linker stubs
LOAD D:/ST/STM32CubeIDE_1.19.0/STM32CubeIDE/plugins/com.st.stm32cube.ide.mcu.externaltools.gnu-tools-for-stm32.13.3.rel1.win32_1.0.0.202411081344/tools/bin/../lib/gcc/arm-none-eabi/13.3.1/../../../../arm-none-eabi/lib/thumb/v7-m/nofp\libc.a
LOAD D:/ST/STM32CubeIDE_1.19.0/STM32CubeIDE/plugins/com.st.stm32cube.ide.mcu.externaltools.gnu-tools-for-stm32.13.3.rel1.win32_1.0.0.202411081344/tools/bin/../lib/gcc/arm-none-eabi/13.3.1/../../../../arm-none-eabi/lib/thumb/v7-m/nofp\libm.a
LOAD D:/ST/STM32CubeIDE_1.19.0/STM32CubeIDE/plugins/com.st.stm32cube.ide.mcu.externaltools.gnu-tools-for-stm32.13.3.rel1.win32_1.0.0.202411081344/tools/bin/../lib/gcc/arm-none-eabi/13.3.1/thumb/v7-m/nofp\libgcc.a

.debug_info     0x00000000     0x4b25
 .debug_info    0x00000000      0xcf2 ./Core/Src/main.o
 .debug_info    0x00000cf2      0x1ed ./Core/Src/stm32f1xx_hal_msp.o
 .debug_info    0x00000edf      0x10f ./Core/Src/stm32f1xx_it.o
 .debug_info    0x00000fee      0x21e ./Core/Src/system_stm32f1xx.o
 .debug_info    0x0000120c       0x30 ./Core/Startup/startup_stm32f103c8tx.o
 .debug_info    0x0000123c      0x704 ./Drivers/STM32F1xx_HAL_Driver/Src/stm32f1xx_hal.o
 .debug_info    0x00001940      0xa87 ./Drivers/STM32F1xx_HAL_Driver/Src/stm32f1xx_hal_cortex.o
 .debug_info    0x000023c7      0x7d5 ./Drivers/STM32F1xx_HAL_Driver/Src/stm32f1xx_hal_rcc.o
 .debug_info    0x00002b9c      0x716 ./Lib/Driver/dma/hal_dma.o
 .debug_info    0x000032b2      0x683 ./Lib/Driver/gpio/hal_gpio.o
 .debug_info    0x00003935      0x775 ./Lib/Driver/rcc/hal_clock.o
 .debug_info    0x000040aa      0xa7b ./Lib/Driver/timer/hal_timer.o

.debug_abbrev   0x00000000     0x1598
 .debug_abbrev  0x00000000      0x329 ./Core/Src/main.o
 .debug_abbrev  0x00000329       0xd9 ./Core/Src/stm32f1xx_hal_msp.o
 .debug_abbrev  0x00000402       0x71 ./Core/Src/stm32f1xx_it.o
 .debug_abbrev  0x00000473      0x13d ./Core/Src/system_stm32f1xx.o
 .debug_abbrev  0x000005b0       0x24 ./Core/Startup/startup_stm32f103c8tx.o
 .debug_abbrev  0x000005d4      0x201 ./Drivers/STM32F1xx_HAL_Driver/Src/stm32f1xx_hal.o
 .debug_abbrev  0x000007d5      0x2f8 ./Drivers/STM32F1xx_HAL_Driver/Src/stm32f1xx_hal_cortex.o
 .debug_abbrev  0x00000acd      0x2b3 ./Drivers/STM32F1xx_HAL_Driver/Src/stm32f1xx_hal_rcc.o
 .debug_abbrev  0x00000d80      0x273 ./Lib/Driver/dma/hal_dma.o
 .debug_abbrev  0x00000ff3      0x18e ./Lib/Driver/gpio/hal_gpio.o
 .debug_abbrev  0x00001181      0x19c ./Lib/Driver/rcc/hal_clock.o
 .debug_abbrev  0x0000131d      0x27b ./Lib/Driver/timer/hal_timer.o

.debug_aranges  0x00000000      0x640
 .debug_aranges
                0x00000000       0x88 ./Core/Src/main.o
 .debug_aranges
                0x00000088       0x20 ./Core/Src/stm32f1xx_hal_msp.o
 .debug_aranges
                0x000000a8       0x60 ./Core/Src/stm32f1xx_it.o
 .debug_aranges
                0x00000108       0x28 ./Core/Src/system_stm32f1xx.o
 .debug_aranges
                0x00000130       0x28 ./Core/Startup/startup_stm32f103c8tx.o
 .debug_aranges
                0x00000158       0xe0 ./Drivers/STM32F1xx_HAL_Driver/Src/stm32f1xx_hal.o
 .debug_aranges
                0x00000238      0x100 ./Drivers/STM32F1xx_HAL_Driver/Src/stm32f1xx_hal_cortex.o
 .debug_aranges
                0x00000338       0x90 ./Drivers/STM32F1xx_HAL_Driver/Src/stm32f1xx_hal_rcc.o
 .debug_aranges
                0x000003c8       0xa0 ./Lib/Driver/dma/hal_dma.o
 .debug_aranges
                0x00000468       0x60 ./Lib/Driver/gpio/hal_gpio.o
 .debug_aranges
                0x000004c8       0x68 ./Lib/Driver/rcc/hal_clock.o
 .debug_aranges
                0x00000530      0x110 ./Lib/Driver/timer/hal_timer.o

.debug_rnglists
                0x00000000      0x48e
 .debug_rnglists
                0x00000000       0x63 ./Core/Src/main.o
 .debug_rnglists
                0x00000063       0x13 ./Core/Src/stm32f1xx_hal_msp.o
 .debug_rnglists
                0x00000076       0x43 ./Core/Src/stm32f1xx_it.o
 .debug_rnglists
                0x000000b9       0x1a ./Core/Src/system_stm32f1xx.o
 .debug_rnglists
                0x000000d3       0x19 ./Core/Startup/startup_stm32f103c8tx.o
 .debug_rnglists
                0x000000ec       0xa3 ./Drivers/STM32F1xx_HAL_Driver/Src/stm32f1xx_hal.o
 .debug_rnglists
                0x0000018f       0xbb ./Drivers/STM32F1xx_HAL_Driver/Src/stm32f1xx_hal_cortex.o
 .debug_rnglists
                0x0000024a       0x6c ./Drivers/STM32F1xx_HAL_Driver/Src/stm32f1xx_hal_rcc.o
 .debug_rnglists
                0x000002b6       0x78 ./Lib/Driver/dma/hal_dma.o
 .debug_rnglists
                0x0000032e       0x46 ./Lib/Driver/gpio/hal_gpio.o
 .debug_rnglists
                0x00000374       0x4c ./Lib/Driver/rcc/hal_clock.o
 .debug_rnglists
                0x000003c0       0xce ./Lib/Driver/timer/hal_timer.o

.debug_line     0x00000000     0x5a85
 .debug_line    0x00000000      0x65d ./Core/Src/main.o
 .debug_line    0x0000065d      0x276 ./Core/Src/stm32f1xx_hal_msp.o
 .debug_line    0x000008d3      0x12c ./Core/Src/stm32f1xx_it.o
 .debug_line    0x000009ff      0x323 ./Core/Src/system_stm32f1xx.o
 .debug_line    0x00000d22       0x78 ./Core/Startup/startup_stm32f103c8tx.o
 .debug_line    0x00000d9a      0x963 ./Drivers/STM32F1xx_HAL_Driver/Src/stm32f1xx_hal.o
 .debug_line    0x000016fd      0xb2d ./Drivers/STM32F1xx_HAL_Driver/Src/stm32f1xx_hal_cortex.o
 .debug_line    0x0000222a      0xe1c ./Drivers/STM32F1xx_HAL_Driver/Src/stm32f1xx_hal_rcc.o
 .debug_line    0x00003046      0xa0b ./Lib/Driver/dma/hal_dma.o
 .debug_line    0x00003a51      0x9cb ./Lib/Driver/gpio/hal_gpio.o
 .debug_line    0x0000441c      0x842 ./Lib/Driver/rcc/hal_clock.o
 .debug_line    0x00004c5e      0xe27 ./Lib/Driver/timer/hal_timer.o

.debug_str      0x00000000    0x7ef0f
 .debug_str     0x00000000    0x7ef0f ./Core/Src/main.o
                                0xdd4 (size before relaxing)
 .debug_str     0x0007ef0f      0x22a ./Core/Src/stm32f1xx_hal_msp.o
 .debug_str     0x0007ef0f      0x22d ./Core/Src/stm32f1xx_it.o
 .debug_str     0x0007ef0f      0x25f ./Core/Src/system_stm32f1xx.o
 .debug_str     0x0007ef0f       0x7e ./Core/Startup/startup_stm32f103c8tx.o
 .debug_str     0x0007ef0f    0x7b53f ./Drivers/STM32F1xx_HAL_Driver/Src/stm32f1xx_hal.o
 .debug_str     0x0007ef0f    0x7b48b ./Drivers/STM32F1xx_HAL_Driver/Src/stm32f1xx_hal_cortex.o
 .debug_str     0x0007ef0f    0x7b23b ./Drivers/STM32F1xx_HAL_Driver/Src/stm32f1xx_hal_rcc.o
 .debug_str     0x0007ef0f    0x55662 ./Lib/Driver/dma/hal_dma.o
 .debug_str     0x0007ef0f    0x55f18 ./Lib/Driver/gpio/hal_gpio.o
 .debug_str     0x0007ef0f    0x554d8 ./Lib/Driver/rcc/hal_clock.o
 .debug_str     0x0007ef0f    0x55a81 ./Lib/Driver/timer/hal_timer.o

.comment        0x00000000       0x43
 .comment       0x00000000       0x43 ./Core/Src/main.o
                                 0x44 (size before relaxing)
 .comment       0x00000043       0x44 ./Core/Src/stm32f1xx_hal_msp.o
 .comment       0x00000043       0x44 ./Core/Src/stm32f1xx_it.o
 .comment       0x00000043       0x44 ./Core/Src/system_stm32f1xx.o
 .comment       0x00000043       0x44 ./Drivers/STM32F1xx_HAL_Driver/Src/stm32f1xx_hal.o
 .comment       0x00000043       0x44 ./Drivers/STM32F1xx_HAL_Driver/Src/stm32f1xx_hal_cortex.o
 .comment       0x00000043       0x44 ./Drivers/STM32F1xx_HAL_Driver/Src/stm32f1xx_hal_rcc.o
 .comment       0x00000043       0x44 ./Lib/Driver/dma/hal_dma.o
 .comment       0x00000043       0x44 ./Lib/Driver/gpio/hal_gpio.o
 .comment       0x00000043       0x44 ./Lib/Driver/rcc/hal_clock.o
 .comment       0x00000043       0x44 ./Lib/Driver/timer/hal_timer.o

.debug_frame    0x00000000     0x1734
 .debug_frame   0x00000000      0x1fc ./Core/Src/main.o
 .debug_frame   0x000001fc       0x38 ./Core/Src/stm32f1xx_hal_msp.o
 .debug_frame   0x00000234      0x104 ./Core/Src/stm32f1xx_it.o
 .debug_frame   0x00000338       0x58 ./Core/Src/system_stm32f1xx.o
 .debug_frame   0x00000390      0x334 ./Drivers/STM32F1xx_HAL_Driver/Src/stm32f1xx_hal.o
 .debug_frame   0x000006c4      0x428 ./Drivers/STM32F1xx_HAL_Driver/Src/stm32f1xx_hal_cortex.o
 .debug_frame   0x00000aec      0x218 ./Drivers/STM32F1xx_HAL_Driver/Src/stm32f1xx_hal_rcc.o
 .debug_frame   0x00000d04      0x254 ./Lib/Driver/dma/hal_dma.o
 .debug_frame   0x00000f58      0x174 ./Lib/Driver/gpio/hal_gpio.o
 .debug_frame   0x000010cc      0x198 ./Lib/Driver/rcc/hal_clock.o
 .debug_frame   0x00001264      0x484 ./Lib/Driver/timer/hal_timer.o
 .debug_frame   0x000016e8       0x20 D:/ST/STM32CubeIDE_1.19.0/STM32CubeIDE/plugins/com.st.stm32cube.ide.mcu.externaltools.gnu-tools-for-stm32.13.3.rel1.win32_1.0.0.202411081344/tools/bin/../lib/gcc/arm-none-eabi/13.3.1/../../../../arm-none-eabi/lib/thumb/v7-m/nofp\libc_nano.a(libc_a-memset.o)
 .debug_frame   0x00001708       0x2c D:/ST/STM32CubeIDE_1.19.0/STM32CubeIDE/plugins/com.st.stm32cube.ide.mcu.externaltools.gnu-tools-for-stm32.13.3.rel1.win32_1.0.0.202411081344/tools/bin/../lib/gcc/arm-none-eabi/13.3.1/../../../../arm-none-eabi/lib/thumb/v7-m/nofp\libc_nano.a(libc_a-init.o)

.debug_line_str
                0x00000000       0x62
 .debug_line_str
                0x00000000       0x62 ./Core/Startup/startup_stm32f103c8tx.o

.debug_macro    0x00000000    0x159a8
 .debug_macro   0x00000000      0x1a8 ./Drivers/STM32F1xx_HAL_Driver/Src/stm32f1xx_hal.o
 .debug_macro   0x000001a8      0xacc ./Drivers/STM32F1xx_HAL_Driver/Src/stm32f1xx_hal.o
 .debug_macro   0x00000c74      0x20f ./Drivers/STM32F1xx_HAL_Driver/Src/stm32f1xx_hal.o
 .debug_macro   0x00000e83       0x2e ./Drivers/STM32F1xx_HAL_Driver/Src/stm32f1xx_hal.o
 .debug_macro   0x00000eb1       0x22 ./Drivers/STM32F1xx_HAL_Driver/Src/stm32f1xx_hal.o
 .debug_macro   0x00000ed3       0x22 ./Drivers/STM32F1xx_HAL_Driver/Src/stm32f1xx_hal.o
 .debug_macro   0x00000ef5       0x8e ./Drivers/STM32F1xx_HAL_Driver/Src/stm32f1xx_hal.o
 .debug_macro   0x00000f83       0x51 ./Drivers/STM32F1xx_HAL_Driver/Src/stm32f1xx_hal.o
 .debug_macro   0x00000fd4      0x103 ./Drivers/STM32F1xx_HAL_Driver/Src/stm32f1xx_hal.o
 .debug_macro   0x000010d7       0x6a ./Drivers/STM32F1xx_HAL_Driver/Src/stm32f1xx_hal.o
 .debug_macro   0x00001141      0x1df ./Drivers/STM32F1xx_HAL_Driver/Src/stm32f1xx_hal.o
 .debug_macro   0x00001320       0x1c ./Drivers/STM32F1xx_HAL_Driver/Src/stm32f1xx_hal.o
 .debug_macro   0x0000133c       0x22 ./Drivers/STM32F1xx_HAL_Driver/Src/stm32f1xx_hal.o
 .debug_macro   0x0000135e       0xbd ./Drivers/STM32F1xx_HAL_Driver/Src/stm32f1xx_hal.o
 .debug_macro   0x0000141b      0xd23 ./Drivers/STM32F1xx_HAL_Driver/Src/stm32f1xx_hal.o
 .debug_macro   0x0000213e     0xe09e ./Drivers/STM32F1xx_HAL_Driver/Src/stm32f1xx_hal.o
 .debug_macro   0x000101dc       0x6d ./Drivers/STM32F1xx_HAL_Driver/Src/stm32f1xx_hal.o
 .debug_macro   0x00010249     0x34a2 ./Drivers/STM32F1xx_HAL_Driver/Src/stm32f1xx_hal.o
 .debug_macro   0x000136eb      0x190 ./Drivers/STM32F1xx_HAL_Driver/Src/stm32f1xx_hal.o
 .debug_macro   0x0001387b       0x5c ./Drivers/STM32F1xx_HAL_Driver/Src/stm32f1xx_hal.o
 .debug_macro   0x000138d7      0x5bc ./Drivers/STM32F1xx_HAL_Driver/Src/stm32f1xx_hal.o
 .debug_macro   0x00013e93      0x289 ./Drivers/STM32F1xx_HAL_Driver/Src/stm32f1xx_hal.o
 .debug_macro   0x0001411c      0x1cb ./Drivers/STM32F1xx_HAL_Driver/Src/stm32f1xx_hal.o
 .debug_macro   0x000142e7      0x114 ./Drivers/STM32F1xx_HAL_Driver/Src/stm32f1xx_hal.o
 .debug_macro   0x000143fb      0x1b2 ./Drivers/STM32F1xx_HAL_Driver/Src/stm32f1xx_hal.o
 .debug_macro   0x000145ad       0x27 ./Drivers/STM32F1xx_HAL_Driver/Src/stm32f1xx_hal.o
 .debug_macro   0x000145d4      0x136 ./Drivers/STM32F1xx_HAL_Driver/Src/stm32f1xx_hal.o
 .debug_macro   0x0001470a      0x1bc ./Drivers/STM32F1xx_HAL_Driver/Src/stm32f1xx_hal.o
 .debug_macro   0x000148c6       0x34 ./Drivers/STM32F1xx_HAL_Driver/Src/stm32f1xx_hal.o
 .debug_macro   0x000148fa       0x3c ./Drivers/STM32F1xx_HAL_Driver/Src/stm32f1xx_hal.o
 .debug_macro   0x00014936       0x57 ./Drivers/STM32F1xx_HAL_Driver/Src/stm32f1xx_hal.o
 .debug_macro   0x0001498d       0x87 ./Drivers/STM32F1xx_HAL_Driver/Src/stm32f1xx_hal.o
 .debug_macro   0x00014a14      0x240 ./Drivers/STM32F1xx_HAL_Driver/Src/stm32f1xx_hal.o
 .debug_macro   0x00014c54      0x140 ./Drivers/STM32F1xx_HAL_Driver/Src/stm32f1xx_hal.o
 .debug_macro   0x00014d94       0x83 ./Drivers/STM32F1xx_HAL_Driver/Src/stm32f1xx_hal.o
 .debug_macro   0x00014e17      0x184 ./Drivers/STM32F1xx_HAL_Driver/Src/stm32f1xx_hal_cortex.o
 .debug_macro   0x00014f9b      0x196 ./Drivers/STM32F1xx_HAL_Driver/Src/stm32f1xx_hal_rcc.o
 .debug_macro   0x00015131       0xdd ./Lib/Driver/dma/hal_dma.o
 .debug_macro   0x0001520e      0x176 ./Lib/Driver/dma/hal_dma.o
 .debug_macro   0x00015384       0x76 ./Lib/Driver/dma/hal_dma.o
 .debug_macro   0x000153fa       0x2e ./Lib/Driver/dma/hal_dma.o
 .debug_macro   0x00015428       0xf8 ./Lib/Driver/gpio/hal_gpio.o
 .debug_macro   0x00015520      0x1c4 ./Lib/Driver/gpio/hal_gpio.o
 .debug_macro   0x000156e4       0xcb ./Lib/Driver/rcc/hal_clock.o
 .debug_macro   0x000157af       0x70 ./Lib/Driver/rcc/hal_clock.o
 .debug_macro   0x0001581f       0xf5 ./Lib/Driver/timer/hal_timer.o
 .debug_macro   0x00015914       0x94 ./Lib/Driver/timer/hal_timer.o
